Component: ARM Compiler 5.06 update 4 (build 422) Tool: armlink [4d35d2]

==============================================================================

Section Cross References

    startup_stm32f746xx.o(RESET) refers to startup_stm32f746xx.o(STACK) for __initial_sp
    startup_stm32f746xx.o(RESET) refers to startup_stm32f746xx.o(.text) for Reset_Handler
    startup_stm32f746xx.o(RESET) refers to port.o(.emb_text) for SVC_Handler
    startup_stm32f746xx.o(RESET) refers to stm32f7xx_it.o(i.SysTick_Handler) for SysTick_Handler
    startup_stm32f746xx.o(RESET) refers to stm32f7xx_it.o(i.TIM1_TRG_COM_TIM11_IRQHandler) for TIM1_TRG_COM_TIM11_IRQHandler
    startup_stm32f746xx.o(RESET) refers to stm32f7xx_it.o(i.ETH_IRQHandler) for ETH_IRQHandler
    startup_stm32f746xx.o(.text) refers to system_stm32f7xx.o(i.SystemInit) for SystemInit
    startup_stm32f746xx.o(.text) refers to entry.o(.ARM.Collect$$$$00000000) for __main
    heap_4.o(i.prvHeapInit) refers to heap_4.o(.bss) for .bss
    heap_4.o(i.prvHeapInit) refers to heap_4.o(.data) for .data
    heap_4.o(i.prvInsertBlockIntoFreeList) refers to heap_4.o(.data) for .data
    heap_4.o(i.pvPortMalloc) refers to tasks.o(i.vTaskSuspendAll) for vTaskSuspendAll
    heap_4.o(i.pvPortMalloc) refers to heap_4.o(i.prvHeapInit) for prvHeapInit
    heap_4.o(i.pvPortMalloc) refers to heap_4.o(i.prvInsertBlockIntoFreeList) for prvInsertBlockIntoFreeList
    heap_4.o(i.pvPortMalloc) refers to tasks.o(i.xTaskResumeAll) for xTaskResumeAll
    heap_4.o(i.pvPortMalloc) refers to heap_4.o(.data) for .data
    heap_4.o(i.vPortFree) refers to tasks.o(i.vTaskSuspendAll) for vTaskSuspendAll
    heap_4.o(i.vPortFree) refers to heap_4.o(i.prvInsertBlockIntoFreeList) for prvInsertBlockIntoFreeList
    heap_4.o(i.vPortFree) refers to tasks.o(i.xTaskResumeAll) for xTaskResumeAll
    heap_4.o(i.vPortFree) refers to heap_4.o(.data) for .data
    heap_4.o(i.xPortGetFreeHeapSize) refers to heap_4.o(.data) for .data
    heap_4.o(i.xPortGetMinimumEverFreeHeapSize) refers to heap_4.o(.data) for .data
    cmsis_os.o(i.osDelay) refers to tasks.o(i.vTaskDelay) for vTaskDelay
    cmsis_os.o(i.osKernelRunning) refers to tasks.o(i.xTaskGetSchedulerState) for xTaskGetSchedulerState
    cmsis_os.o(i.osKernelStart) refers to tasks.o(i.vTaskStartScheduler) for vTaskStartScheduler
    cmsis_os.o(i.osKernelSysTick) refers to cmsis_os.o(i.inHandlerMode) for inHandlerMode
    cmsis_os.o(i.osKernelSysTick) refers to tasks.o(i.xTaskGetTickCountFromISR) for xTaskGetTickCountFromISR
    cmsis_os.o(i.osKernelSysTick) refers to tasks.o(i.xTaskGetTickCount) for xTaskGetTickCount
    cmsis_os.o(i.osMailAlloc) refers to cmsis_os.o(i.osPoolAlloc) for osPoolAlloc
    cmsis_os.o(i.osMailCAlloc) refers to cmsis_os.o(i.osMailAlloc) for osMailAlloc
    cmsis_os.o(i.osMailCreate) refers to heap_4.o(i.pvPortMalloc) for pvPortMalloc
    cmsis_os.o(i.osMailCreate) refers to queue.o(i.xQueueGenericCreate) for xQueueGenericCreate
    cmsis_os.o(i.osMailCreate) refers to cmsis_os.o(i.osPoolCreate) for osPoolCreate
    cmsis_os.o(i.osMailCreate) refers to heap_4.o(i.vPortFree) for vPortFree
    cmsis_os.o(i.osMailFree) refers to cmsis_os.o(i.osPoolFree) for osPoolFree
    cmsis_os.o(i.osMailGet) refers to cmsis_os.o(i.inHandlerMode) for inHandlerMode
    cmsis_os.o(i.osMailGet) refers to queue.o(i.xQueueReceiveFromISR) for xQueueReceiveFromISR
    cmsis_os.o(i.osMailGet) refers to queue.o(i.xQueueGenericReceive) for xQueueGenericReceive
    cmsis_os.o(i.osMailPut) refers to cmsis_os.o(i.inHandlerMode) for inHandlerMode
    cmsis_os.o(i.osMailPut) refers to queue.o(i.xQueueGenericSendFromISR) for xQueueGenericSendFromISR
    cmsis_os.o(i.osMailPut) refers to queue.o(i.xQueueGenericSend) for xQueueGenericSend
    cmsis_os.o(i.osMessageCreate) refers to queue.o(i.xQueueGenericCreate) for xQueueGenericCreate
    cmsis_os.o(i.osMessageGet) refers to cmsis_os.o(i.inHandlerMode) for inHandlerMode
    cmsis_os.o(i.osMessageGet) refers to queue.o(i.xQueueReceiveFromISR) for xQueueReceiveFromISR
    cmsis_os.o(i.osMessageGet) refers to queue.o(i.xQueueGenericReceive) for xQueueGenericReceive
    cmsis_os.o(i.osMessagePeek) refers to queue.o(i.xQueueGenericReceive) for xQueueGenericReceive
    cmsis_os.o(i.osMessagePut) refers to cmsis_os.o(i.inHandlerMode) for inHandlerMode
    cmsis_os.o(i.osMessagePut) refers to queue.o(i.xQueueGenericSendFromISR) for xQueueGenericSendFromISR
    cmsis_os.o(i.osMessagePut) refers to queue.o(i.xQueueGenericSend) for xQueueGenericSend
    cmsis_os.o(i.osMutexCreate) refers to queue.o(i.xQueueCreateMutex) for xQueueCreateMutex
    cmsis_os.o(i.osMutexDelete) refers to cmsis_os.o(i.inHandlerMode) for inHandlerMode
    cmsis_os.o(i.osMutexDelete) refers to queue.o(i.vQueueDelete) for vQueueDelete
    cmsis_os.o(i.osMutexRelease) refers to cmsis_os.o(i.inHandlerMode) for inHandlerMode
    cmsis_os.o(i.osMutexRelease) refers to queue.o(i.xQueueGiveFromISR) for xQueueGiveFromISR
[...]
    _printf_return_value                     0x00000000   Number         0  stubs.o ABSOLUTE
    _printf_s                                0x00000000   Number         0  stubs.o ABSOLUTE
    _printf_sizespec                         0x00000000   Number         0  stubs.o ABSOLUTE
    _printf_str                              0x00000000   Number         0  stubs.o ABSOLUTE
    _printf_truncate_signed                  0x00000000   Number         0  stubs.o ABSOLUTE
    _printf_truncate_unsigned                0x00000000   Number         0  stubs.o ABSOLUTE
    _printf_u                                0x00000000   Number         0  stubs.o ABSOLUTE
    _printf_wc                               0x00000000   Number         0  stubs.o ABSOLUTE
    _printf_wctomb                           0x00000000   Number         0  stubs.o ABSOLUTE
    _printf_widthprec                        0x00000000   Number         0  stubs.o ABSOLUTE
    _printf_x                                0x00000000   Number         0  stubs.o ABSOLUTE
    __cpp_initialize__aeabi_                  - Undefined Weak Reference
    __cxa_finalize                            - Undefined Weak Reference
    _clock_init                               - Undefined Weak Reference
    _microlib_exit                            - Undefined Weak Reference
    __Vectors_Size                           0x000001c8   Number         0  startup_stm32f746xx.o ABSOLUTE
    __Vectors                                0x08000000   Data           4  startup_stm32f746xx.o(RESET)
    __Vectors_End                            0x080001c8   Data           0  startup_stm32f746xx.o(RESET)
    __main                                   0x080001c9   Thumb Code     0  entry.o(.ARM.Collect$$$$00000000)
    _main_stk                                0x080001c9   Thumb Code     0  entry2.o(.ARM.Collect$$$$00000001)
    _main_scatterload                        0x080001cd   Thumb Code     0  entry5.o(.ARM.Collect$$$$00000004)
    __main_after_scatterload                 0x080001d1   Thumb Code     0  entry5.o(.ARM.Collect$$$$00000004)
    _main_clock                              0x080001d1   Thumb Code     0  entry7b.o(.ARM.Collect$$$$00000008)
    _main_cpp_init                           0x080001d1   Thumb Code     0  entry8b.o(.ARM.Collect$$$$0000000A)
    _main_init                               0x080001d1   Thumb Code     0  entry9a.o(.ARM.Collect$$$$0000000B)
    __rt_final_cpp                           0x080001d9   Thumb Code     0  entry10a.o(.ARM.Collect$$$$0000000D)
    __rt_final_exit                          0x080001d9   Thumb Code     0  entry11a.o(.ARM.Collect$$$$0000000F)
    SVC_Handler                              0x080001dd   Thumb Code    28  port.o(.emb_text)
    __asm___6_port_c_39a90d8d__prvStartFirstTask 0x080001fd   Thumb Code    28  port.o(.emb_text)
    __asm___6_port_c_39a90d8d__prvEnableVFP  0x0800021d   Thumb Code    16  port.o(.emb_text)
    PendSV_Handler                           0x08000231   Thumb Code    92  port.o(.emb_text)
    vPortGetIPSR                             0x08000291   Thumb Code     6  port.o(.emb_text)
    Reset_Handler                            0x08000299   Thumb Code     8  startup_stm32f746xx.o(.text)
    NMI_Handler                              0x080002a1   Thumb Code     2  startup_stm32f746xx.o(.text)
    HardFault_Handler                        0x080002a3   Thumb Code     2  startup_stm32f746xx.o(.text)
    MemManage_Handler                        0x080002a5   Thumb Code     2  startup_stm32f746xx.o(.text)
    BusFault_Handler                         0x080002a7   Thumb Code     2  startup_stm32f746xx.o(.text)
    UsageFault_Handler                       0x080002a9   Thumb Code     2  startup_stm32f746xx.o(.text)
    DebugMon_Handler                         0x080002ad   Thumb Code     2  startup_stm32f746xx.o(.text)
    ADC_IRQHandler                           0x080002b3   Thumb Code     0  startup_stm32f746xx.o(.text)
    CAN1_RX0_IRQHandler                      0x080002b3   Thumb Code     0  startup_stm32f746xx.o(.text)
    CAN1_RX1_IRQHandler                      0x080002b3   Thumb Code     0  startup_stm32f746xx.o(.text)
    CAN1_SCE_IRQHandler                      0x080002b3   Thumb Code     0  startup_stm32f746xx.o(.text)
    CAN1_TX_IRQHandler                       0x080002b3   Thumb Code     0  startup_stm32f746xx.o(.text)
    CAN2_RX0_IRQHandler                      0x080002b3   Thumb Code     0  startup_stm32f746xx.o(.text)
    CAN2_RX1_IRQHandler                      0x080002b3   Thumb Code     0  startup_stm32f746xx.o(.text)
    CAN2_SCE_IRQHandler                      0x080002b3   Thumb Code     0  startup_stm32f746xx.o(.text)
    CAN2_TX_IRQHandler                       0x080002b3   Thumb Code     0  startup_stm32f746xx.o(.text)
    CEC_IRQHandler                           0x080002b3   Thumb Code     0  startup_stm32f746xx.o(.text)
    DCMI_IRQHandler                          0x080002b3   Thumb Code     0  startup_stm32f746xx.o(.text)
    DMA1_Stream0_IRQHandler                  0x080002b3   Thumb Code     0  startup_stm32f746xx.o(.text)
    DMA1_Stream1_IRQHandler                  0x080002b3   Thumb Code     0  startup_stm32f746xx.o(.text)
    DMA1_Stream2_IRQHandler                  0x080002b3   Thumb Code     0  startup_stm32f746xx.o(.text)
    DMA1_Stream3_IRQHandler                  0x080002b3   Thumb Code     0  startup_stm32f746xx.o(.text)
    DMA1_Stream4_IRQHandler                  0x080002b3   Thumb Code     0  startup_stm32f746xx.o(.text)
    DMA1_Stream5_IRQHandler                  0x080002b3   Thumb Code     0  startup_stm32f746xx.o(.text)
    DMA1_Stream6_IRQHandler                  0x080002b3   Thumb Code     0  startup_stm32f746xx.o(.text)
    DMA1_Stream7_IRQHandler                  0x080002b3   Thumb Code     0  startup_stm32f746xx.o(.text)
    DMA2D_IRQHandler                         0x080002b3   Thumb Code     0  startup_stm32f746xx.o(.text)
    DMA2_Stream0_IRQHandler                  0x080002b3   Thumb Code     0  startup_stm32f746xx.o(.text)
    DMA2_Stream1_IRQHandler                  0x080002b3   Thumb Code     0  startup_stm32f746xx.o(.text)
    DMA2_Stream2_IRQHandler                  0x080002b3   Thumb Code     0  startup_stm32f746xx.o(.text)
    DMA2_Stream3_IRQHandler                  0x080002b3   Thumb Code     0  startup_stm32f746xx.o(.text)
    DMA2_Stream4_IRQHandler                  0x080002b3   Thumb Code     0  startup_stm32f746xx.o(.text)
    DMA2_Stream5_IRQHandler                  0x080002b3   Thumb Code     0  startup_stm32f746xx.o(.text)
    DMA2_Stream6_IRQHandler                  0x080002b3   Thumb Code     0  startup_stm32f746xx.o(.text)
    DMA2_Stream7_IRQHandler                  0x080002b3   Thumb Code     0  startup_stm32f746xx.o(.text)
    ETH_WKUP_IRQHandler                      0x080002b3   Thumb Code     0  startup_stm32f746xx.o(.text)
    EXTI0_IRQHandler                         0x080002b3   Thumb Code     0  startup_stm32f746xx.o(.text)
    EXTI15_10_IRQHandler                     0x080002b3   Thumb Code     0  startup_stm32f746xx.o(.text)
    EXTI1_IRQHandler                         0x080002b3   Thumb Code     0  startup_stm32f746xx.o(.text)
    EXTI2_IRQHandler                         0x080002b3   Thumb Code     0  startup_stm32f746xx.o(.text)
    EXTI3_IRQHandler                         0x080002b3   Thumb Code     0  startup_stm32f746xx.o(.text)
    EXTI4_IRQHandler                         0x080002b3   Thumb Code     0  startup_stm32f746xx.o(.text)
    EXTI9_5_IRQHandler                       0x080002b3   Thumb Code     0  startup_stm32f746xx.o(.text)
    FLASH_IRQHandler                         0x080002b3   Thumb Code     0  startup_stm32f746xx.o(.text)
    FMC_IRQHandler                           0x080002b3   Thumb Code     0  startup_stm32f746xx.o(.text)
    FPU_IRQHandler                           0x080002b3   Thumb Code     0  startup_stm32f746xx.o(.text)
    I2C1_ER_IRQHandler                       0x080002b3   Thumb Code     0  startup_stm32f746xx.o(.text)
    I2C1_EV_IRQHandler                       0x080002b3   Thumb Code     0  startup_stm32f746xx.o(.text)
    I2C2_ER_IRQHandler                       0x080002b3   Thumb Code     0  startup_stm32f746xx.o(.text)
    I2C2_EV_IRQHandler                       0x080002b3   Thumb Code     0  startup_stm32f746xx.o(.text)
    I2C3_ER_IRQHandler                       0x080002b3   Thumb Code     0  startup_stm32f746xx.o(.text)
    I2C3_EV_IRQHandler                       0x080002b3   Thumb Code     0  startup_stm32f746xx.o(.text)
    I2C4_ER_IRQHandler                       0x080002b3   Thumb Code     0  startup_stm32f746xx.o(.text)
    I2C4_EV_IRQHandler                       0x080002b3   Thumb Code     0  startup_stm32f746xx.o(.text)
    LPTIM1_IRQHandler                        0x080002b3   Thumb Code     0  startup_stm32f746xx.o(.text)
    LTDC_ER_IRQHandler                       0x080002b3   Thumb Code     0  startup_stm32f746xx.o(.text)
    LTDC_IRQHandler                          0x080002b3   Thumb Code     0  startup_stm32f746xx.o(.text)
    OTG_FS_IRQHandler                        0x080002b3   Thumb Code     0  startup_stm32f746xx.o(.text)
    OTG_FS_WKUP_IRQHandler                   0x080002b3   Thumb Code     0  startup_stm32f746xx.o(.text)
    OTG_HS_EP1_IN_IRQHandler                 0x080002b3   Thumb Code     0  startup_stm32f746xx.o(.text)
    OTG_HS_EP1_OUT_IRQHandler                0x080002b3   Thumb Code     0  startup_stm32f746xx.o(.text)
    OTG_HS_IRQHandler                        0x080002b3   Thumb Code     0  startup_stm32f746xx.o(.text)
    OTG_HS_WKUP_IRQHandler                   0x080002b3   Thumb Code     0  startup_stm32f746xx.o(.text)
    PVD_IRQHandler                           0x080002b3   Thumb Code     0  startup_stm32f746xx.o(.text)
    QUADSPI_IRQHandler                       0x080002b3   Thumb Code     0  startup_stm32f746xx.o(.text)
    RCC_IRQHandler                           0x080002b3   Thumb Code     0  startup_stm32f746xx.o(.text)
    RNG_IRQHandler                           0x080002b3   Thumb Code     0  startup_stm32f746xx.o(.text)
    RTC_Alarm_IRQHandler                     0x080002b3   Thumb Code     0  startup_stm32f746xx.o(.text)
    RTC_WKUP_IRQHandler                      0x080002b3   Thumb Code     0  startup_stm32f746xx.o(.text)
    SAI1_IRQHandler                          0x080002b3   Thumb Code     0  startup_stm32f746xx.o(.text)
    SAI2_IRQHandler                          0x080002b3   Thumb Code     0  startup_stm32f746xx.o(.text)
    SDMMC1_IRQHandler                        0x080002b3   Thumb Code     0  startup_stm32f746xx.o(.text)
    SPDIF_RX_IRQHandler                      0x080002b3   Thumb Code     0  startup_stm32f746xx.o(.text)
    SPI1_IRQHandler                          0x080002b3   Thumb Code     0  startup_stm32f746xx.o(.text)
    SPI2_IRQHandler                          0x080002b3   Thumb Code     0  startup_stm32f746xx.o(.text)
    SPI3_IRQHandler                          0x080002b3   Thumb Code     0  startup_stm32f746xx.o(.text)
    SPI4_IRQHandler                          0x080002b3   Thumb Code     0  startup_stm32f746xx.o(.text)
    SPI5_IRQHandler                          0x080002b3   Thumb Code     0  startup_stm32f746xx.o(.text)
    SPI6_IRQHandler                          0x080002b3   Thumb Code     0  startup_stm32f746xx.o(.text)
    TAMP_STAMP_IRQHandler                    0x080002b3   Thumb Code     0  startup_stm32f746xx.o(.text)
    TIM1_BRK_TIM9_IRQHandler                 0x080002b3   Thumb Code     0  startup_stm32f746xx.o(.text)
    TIM1_CC_IRQHandler                       0x080002b3   Thumb Code     0  startup_stm32f746xx.o(.text)
    TIM1_UP_TIM10_IRQHandler                 0x080002b3   Thumb Code     0  startup_stm32f746xx.o(.text)
    TIM2_IRQHandler                          0x080002b3   Thumb Code     0  startup_stm32f746xx.o(.text)
    TIM3_IRQHandler                          0x080002b3   Thumb Code     0  startup_stm32f746xx.o(.text)
    TIM4_IRQHandler                          0x080002b3   Thumb Code     0  startup_stm32f746xx.o(.text)
    TIM5_IRQHandler                          0x080002b3   Thumb Code     0  startup_stm32f746xx.o(.text)
    TIM6_DAC_IRQHandler                      0x080002b3   Thumb Code     0  startup_stm32f746xx.o(.text)
    TIM7_IRQHandler                          0x080002b3   Thumb Code     0  startup_stm32f746xx.o(.text)
    TIM8_BRK_TIM12_IRQHandler                0x080002b3   Thumb Code     0  startup_stm32f746xx.o(.text)
    TIM8_CC_IRQHandler                       0x080002b3   Thumb Code     0  startup_stm32f746xx.o(.text)
    TIM8_TRG_COM_TIM14_IRQHandler            0x080002b3   Thumb Code     0  startup_stm32f746xx.o(.text)
    TIM8_UP_TIM13_IRQHandler                 0x080002b3   Thumb Code     0  startup_stm32f746xx.o(.text)
    UART4_IRQHandler                         0x080002b3   Thumb Code     0  startup_stm32f746xx.o(.text)
    UART5_IRQHandler                         0x080002b3   Thumb Code     0  startup_stm32f746xx.o(.text)
    UART7_IRQHandler                         0x080002b3   Thumb Code     0  startup_stm32f746xx.o(.text)
    UART8_IRQHandler                         0x080002b3   Thumb Code     0  startup_stm32f746xx.o(.text)
    USART1_IRQHandler                        0x080002b3   Thumb Code     0  startup_stm32f746xx.o(.text)
    USART2_IRQHandler                        0x080002b3   Thumb Code     0  startup_stm32f746xx.o(.text)
    USART3_IRQHandler                        0x080002b3   Thumb Code     0  startup_stm32f746xx.o(.text)
    USART6_IRQHandler                        0x080002b3   Thumb Code     0  startup_stm32f746xx.o(.text)
    WWDG_IRQHandler                          0x080002b3   Thumb Code     0  startup_stm32f746xx.o(.text)
    __aeabi_memcpy                           0x080002bd   Thumb Code    36  memcpya.o(.text)
    __aeabi_memcpy4                          0x080002bd   Thumb Code     0  memcpya.o(.text)
    __aeabi_memcpy8                          0x080002bd   Thumb Code     0  memcpya.o(.text)
    __aeabi_memset                           0x080002e1   Thumb Code    14  memseta.o(.text)
    __aeabi_memset4                          0x080002e1   Thumb Code     0  memseta.o(.text)
    __aeabi_memset8                          0x080002e1   Thumb Code     0  memseta.o(.text)
    __aeabi_memclr                           0x080002ef   Thumb Code     4  memseta.o(.text)
    __aeabi_memclr4                          0x080002ef   Thumb Code     0  memseta.o(.text)
    __aeabi_memclr8                          0x080002ef   Thumb Code     0  memseta.o(.text)
    _memset$wrapper                          0x080002f3   Thumb Code    18  memseta.o(.text)
    memcmp                                   0x08000305   Thumb Code    26  memcmp.o(.text)
    __scatterload                            0x08000321   Thumb Code    28  init.o(.text)
    __scatterload_rt2                        0x08000321   Thumb Code     0  init.o(.text)
    __decompress                             0x08000345   Thumb Code     0  __dczerorl2.o(.text)
    __decompress1                            0x08000345   Thumb Code    86  __dczerorl2.o(.text)
    ETH_IRQHandler                           0x080003c9   Thumb Code     6  stm32f7xx_it.o(i.ETH_IRQHandler)
    HAL_Delay                                0x080004f9   Thumb Code    22  stm32f7xx_hal.o(i.HAL_Delay)
    HAL_ETH_DMARxDescListInit                0x0800050f   Thumb Code   116  stm32f7xx_hal_eth.o(i.HAL_ETH_DMARxDescListInit)
    HAL_ETH_DMATxDescListInit                0x08000585   Thumb Code   132  stm32f7xx_hal_eth.o(i.HAL_ETH_DMATxDescListInit)
    HAL_ETH_ErrorCallback                    0x08000609   Thumb Code     2  stm32f7xx_hal_eth.o(i.HAL_ETH_ErrorCallback)
    HAL_ETH_GetReceivedFrame_IT              0x0800060b   Thumb Code   140  stm32f7xx_hal_eth.o(i.HAL_ETH_GetReceivedFrame_IT)
    HAL_ETH_IRQHandler                       0x08000697   Thumb Code   118  stm32f7xx_hal_eth.o(i.HAL_ETH_IRQHandler)
    HAL_ETH_Init                             0x0800070d   Thumb Code   454  stm32f7xx_hal_eth.o(i.HAL_ETH_Init)
    HAL_ETH_MspInit                          0x080008fd   Thumb Code   134  ethernetif.o(i.HAL_ETH_MspInit)
    HAL_ETH_ReadPHYRegister                  0x08000999   Thumb Code   134  stm32f7xx_hal_eth.o(i.HAL_ETH_ReadPHYRegister)
    HAL_ETH_RxCpltCallback                   0x08000a21   Thumb Code     8  ethernetif.o(i.HAL_ETH_RxCpltCallback)
    HAL_ETH_Start                            0x08000a2d   Thumb Code   132  stm32f7xx_hal_eth.o(i.HAL_ETH_Start)
    HAL_ETH_TransmitFrame                    0x08000ab1   Thumb Code   274  stm32f7xx_hal_eth.o(i.HAL_ETH_TransmitFrame)
    HAL_ETH_TxCpltCallback                   0x08000bc3   Thumb Code     2  stm32f7xx_hal_eth.o(i.HAL_ETH_TxCpltCallback)
    HAL_ETH_WritePHYRegister                 0x08000bc5   Thumb Code   122  stm32f7xx_hal_eth.o(i.HAL_ETH_WritePHYRegister)
    HAL_GPIO_Init                            0x08000c41   Thumb Code   418  stm32f7xx_hal_gpio.o(i.HAL_GPIO_Init)
    HAL_GetTick                              0x08000e19   Thumb Code     6  stm32f7xx_hal.o(i.HAL_GetTick)
    HAL_IncTick                              0x08000e25   Thumb Code    10  stm32f7xx_hal.o(i.HAL_IncTick)
    HAL_Init                                 0x08000e35   Thumb Code    22  stm32f7xx_hal.o(i.HAL_Init)
    HAL_InitTick                             0x08000e4d   Thumb Code   100  stm32f7xx_hal_timebase_tim.o(i.HAL_InitTick)
    HAL_MspInit                              0x08000ec1   Thumb Code    88  stm32f7xx_hal_msp.o(i.HAL_MspInit)
    HAL_NVIC_EnableIRQ                       0x08000f19   Thumb Code    22  stm32f7xx_hal_cortex.o(i.HAL_NVIC_EnableIRQ)
    HAL_NVIC_SetPriority                     0x08000f31   Thumb Code    60  stm32f7xx_hal_cortex.o(i.HAL_NVIC_SetPriority)
    HAL_NVIC_SetPriorityGrouping             0x08000f71   Thumb Code    28  stm32f7xx_hal_cortex.o(i.HAL_NVIC_SetPriorityGrouping)
    HAL_PWREx_EnableOverDrive                0x08000f95   Thumb Code   100  stm32f7xx_hal_pwr_ex.o(i.HAL_PWREx_EnableOverDrive)
    HAL_RCC_ClockConfig                      0x08001001   Thumb Code   338  stm32f7xx_hal_rcc.o(i.HAL_RCC_ClockConfig)
    HAL_RCC_GetClockConfig                   0x08001165   Thumb Code    56  stm32f7xx_hal_rcc.o(i.HAL_RCC_GetClockConfig)
    HAL_RCC_GetHCLKFreq                      0x080011a5   Thumb Code     6  stm32f7xx_hal_rcc.o(i.HAL_RCC_GetHCLKFreq)
    HAL_RCC_GetPCLK2Freq                     0x080011b1   Thumb Code    34  stm32f7xx_hal_rcc.o(i.HAL_RCC_GetPCLK2Freq)
    HAL_RCC_GetSysClockFreq                  0x080011e1   Thumb Code   120  stm32f7xx_hal_rcc.o(i.HAL_RCC_GetSysClockFreq)
    HAL_RCC_OscConfig                        0x08001265   Thumb Code   818  stm32f7xx_hal_rcc.o(i.HAL_RCC_OscConfig)
    HAL_SYSTICK_CLKSourceConfig              0x080015a1   Thumb Code    24  stm32f7xx_hal_cortex.o(i.HAL_SYSTICK_CLKSourceConfig)
    HAL_SYSTICK_Config                       0x080015b9   Thumb Code    38  stm32f7xx_hal_cortex.o(i.HAL_SYSTICK_Config)
    HAL_TIMEx_BreakCallback                  0x080015df   Thumb Code     2  stm32f7xx_hal_tim_ex.o(i.HAL_TIMEx_BreakCallback)
    HAL_TIMEx_CommutationCallback            0x080015e1   Thumb Code     2  stm32f7xx_hal_tim_ex.o(i.HAL_TIMEx_CommutationCallback)
    HAL_TIM_Base_Init                        0x080015e3   Thumb Code    48  stm32f7xx_hal_tim.o(i.HAL_TIM_Base_Init)
    HAL_TIM_Base_MspInit                     0x08001613   Thumb Code     2  stm32f7xx_hal_tim.o(i.HAL_TIM_Base_MspInit)
    HAL_TIM_Base_Start_IT                    0x08001615   Thumb Code    24  stm32f7xx_hal_tim.o(i.HAL_TIM_Base_Start_IT)
    HAL_TIM_IC_CaptureCallback               0x0800162d   Thumb Code     2  stm32f7xx_hal_tim.o(i.HAL_TIM_IC_CaptureCallback)
    HAL_TIM_IRQHandler                       0x0800162f   Thumb Code   382  stm32f7xx_hal_tim.o(i.HAL_TIM_IRQHandler)
    HAL_TIM_OC_DelayElapsedCallback          0x080017ad   Thumb Code     2  stm32f7xx_hal_tim.o(i.HAL_TIM_OC_DelayElapsedCallback)
    HAL_TIM_PWM_PulseFinishedCallback        0x080017af   Thumb Code     2  stm32f7xx_hal_tim.o(i.HAL_TIM_PWM_PulseFinishedCallback)
    HAL_TIM_PeriodElapsedCallback            0x080017b1   Thumb Code    14  main.o(i.HAL_TIM_PeriodElapsedCallback)
    HAL_TIM_TriggerCallback                  0x080017c5   Thumb Code     2  stm32f7xx_hal_tim.o(i.HAL_TIM_TriggerCallback)
    MX_LWIP_Init                             0x08001825   Thumb Code   150  lwip.o(i.MX_LWIP_Init)
    StartDefaultTask                         0x080018ef   Thumb Code    14  main.o(i.StartDefaultTask)
    SysTick_Handler                          0x080018fd   Thumb Code     4  stm32f7xx_it.o(i.SysTick_Handler)
    SystemClock_Config                       0x08001901   Thumb Code   158  main.o(i.SystemClock_Config)
    SystemInit                               0x080019a9   Thumb Code    68  system_stm32f7xx.o(i.SystemInit)
    TIM1_TRG_COM_TIM11_IRQHandler            0x080019fd   Thumb Code     6  stm32f7xx_it.o(i.TIM1_TRG_COM_TIM11_IRQHandler)
    TIM_Base_SetConfig                       0x08001a09   Thumb Code   150  stm32f7xx_hal_tim.o(i.TIM_Base_SetConfig)
    __scatterload_copy                       0x08001acd   Thumb Code    14  handlers.o(i.__scatterload_copy)
    __scatterload_null                       0x08001adb   Thumb Code     2  handlers.o(i.__scatterload_null)
    __scatterload_zeroinit                   0x08001add   Thumb Code    14  handlers.o(i.__scatterload_zeroinit)
    etharp_cleanup_netif                     0x08001d11   Thumb Code    42  etharp.o(i.etharp_cleanup_netif)
    etharp_output                            0x08001e41   Thumb Code   238  etharp.o(i.etharp_output)
    etharp_query                             0x08001f99   Thumb Code   226  etharp.o(i.etharp_query)
    etharp_request                           0x08002125   Thumb Code     6  etharp.o(i.etharp_request)
    etharp_tmr                               0x08002171   Thumb Code    92  etharp.o(i.etharp_tmr)
    ethernet_input                           0x08002251   Thumb Code   144  etharp.o(i.ethernet_input)
    ethernetif_init                          0x080022e5   Thumb Code    30  ethernetif.o(i.ethernetif_init)
    ethernetif_input                         0x0800230d   Thumb Code    48  ethernetif.o(i.ethernetif_input)
    icmp_dest_unreach                        0x08002341   Thumb Code     8  icmp.o(i.icmp_dest_unreach)
    icmp_input                               0x08002349   Thumb Code   232  icmp.o(i.icmp_input)
    icmp_time_exceeded                       0x080024a1   Thumb Code     8  icmp.o(i.icmp_time_exceeded)
    ip4_addr_isbroadcast_u32                 0x080024b5   Thumb Code    46  ip4_addr.o(i.ip4_addr_isbroadcast_u32)
    ip4_frag                                 0x080024e5   Thumb Code   346  ip_frag.o(i.ip4_frag)
    ip4_input                                0x08002645   Thumb Code   360  ip4.o(i.ip4_input)
    ip4_output_if                            0x080027b5   Thumb Code    30  ip4.o(i.ip4_output_if)
    ip4_output_if_src                        0x080027d5   Thumb Code   162  ip4.o(i.ip4_output_if_src)
    ip4_reass                                0x08002881   Thumb Code   398  ip_frag.o(i.ip4_reass)
    ip4_route                                0x08002a15   Thumb Code    82  ip4.o(i.ip4_route)
    ip_input                                 0x08002a79   Thumb Code     4  ip4.o(i.ip_input)
    ip_reass_tmr                             0x08002c9d   Thumb Code    40  ip_frag.o(i.ip_reass_tmr)
    lwip_htonl                               0x08002f71   Thumb Code     4  def.o(i.lwip_htonl)
    lwip_htons                               0x08002f75   Thumb Code     4  def.o(i.lwip_htons)
    lwip_init                                0x08002f79   Thumb Code    34  init.o(i.lwip_init)
    lwip_netconn_do_bind                     0x08002f9b   Thumb Code    96  api_msg.o(i.lwip_netconn_do_bind)
    lwip_netconn_do_close                    0x08002ffb   Thumb Code   106  api_msg.o(i.lwip_netconn_do_close)
    lwip_netconn_do_delconn                  0x080031bd   Thumb Code   164  api_msg.o(i.lwip_netconn_do_delconn)
    lwip_netconn_do_listen                   0x08003261   Thumb Code   200  api_msg.o(i.lwip_netconn_do_listen)
    lwip_netconn_do_newconn                  0x0800332d   Thumb Code    50  api_msg.o(i.lwip_netconn_do_newconn)
    lwip_netconn_do_recv                     0x0800335f   Thumb Code    88  api_msg.o(i.lwip_netconn_do_recv)
    lwip_netconn_do_write                    0x080033b7   Thumb Code    90  api_msg.o(i.lwip_netconn_do_write)
    lwip_ntohl                               0x0800353d   Thumb Code     4  def.o(i.lwip_ntohl)
    lwip_ntohs                               0x08003541   Thumb Code     4  def.o(i.lwip_ntohs)
    main                                     0x08003545   Thumb Code    42  main.o(i.main)
    mem_free                                 0x08003589   Thumb Code    62  mem.o(i.mem_free)
    mem_init                                 0x080035cd   Thumb Code    50  mem.o(i.mem_init)
    mem_malloc                               0x08003609   Thumb Code   206  mem.o(i.mem_malloc)
    mem_trim                                 0x080036dd   Thumb Code   220  mem.o(i.mem_trim)
    memp_free                                0x080037bd   Thumb Code    16  memp.o(i.memp_free)
    memp_init                                0x080037d1   Thumb Code    34  memp.o(i.memp_init)
    memp_init_pool                           0x080037f9   Thumb Code    42  memp.o(i.memp_init_pool)
    memp_malloc                              0x08003825   Thumb Code    18  memp.o(i.memp_malloc)
    memp_malloc_pool                         0x0800383d   Thumb Code    14  memp.o(i.memp_malloc_pool)
    netbuf_data                              0x0800384b   Thumb Code    38  netbuf.o(i.netbuf_data)
    netbuf_delete                            0x08003871   Thumb Code    34  netbuf.o(i.netbuf_delete)
    netbuf_next                              0x08003893   Thumb Code    30  netbuf.o(i.netbuf_next)
    netconn_accept                           0x080038b1   Thumb Code    92  api_lib.o(i.netconn_accept)
    netconn_alloc                            0x0800390d   Thumb Code   112  api_msg.o(i.netconn_alloc)
    netconn_bind                             0x0800397d   Thumb Code    34  api_lib.o(i.netconn_bind)
    netconn_close                            0x080039a5   Thumb Code     6  api_lib.o(i.netconn_close)
    netconn_delete                           0x080039d9   Thumb Code    42  api_lib.o(i.netconn_delete)
    netconn_free                             0x08003a9d   Thumb Code    46  api_msg.o(i.netconn_free)
    netconn_listen_with_backlog              0x08003acd   Thumb Code    28  api_lib.o(i.netconn_listen_with_backlog)
    netconn_new_with_proto_and_callback      0x08003aed   Thumb Code    92  api_lib.o(i.netconn_new_with_proto_and_callback)
    netconn_recv                             0x08003b4d   Thumb Code   118  api_lib.o(i.netconn_recv)
    netconn_write_partly                     0x08003c95   Thumb Code   100  api_lib.o(i.netconn_write_partly)
    netif_add                                0x08003cfd   Thumb Code    78  netif.o(i.netif_add)
    netif_init                               0x08003d51   Thumb Code     2  netif.o(i.netif_init)
    netif_set_addr                           0x08003d6d   Thumb Code    32  netif.o(i.netif_set_addr)
    netif_set_default                        0x08003d8d   Thumb Code     6  netif.o(i.netif_set_default)
    netif_set_down                           0x08003d99   Thumb Code    26  netif.o(i.netif_set_down)
    netif_set_gw                             0x08003db3   Thumb Code     8  netif.o(i.netif_set_gw)
    netif_set_ipaddr                         0x08003dbd   Thumb Code    62  netif.o(i.netif_set_ipaddr)
    netif_set_netmask                        0x08003e01   Thumb Code     8  netif.o(i.netif_set_netmask)
    netif_set_up                             0x08003e09   Thumb Code    28  netif.o(i.netif_set_up)
    osKernelStart                            0x08003e25   Thumb Code    10  cmsis_os.o(i.osKernelStart)
    osSemaphoreCreate                        0x08003e2f   Thumb Code    38  cmsis_os.o(i.osSemaphoreCreate)
    osSemaphoreRelease                       0x08003e55   Thumb Code    74  cmsis_os.o(i.osSemaphoreRelease)
    osSemaphoreWait                          0x08003ea5   Thumb Code   102  cmsis_os.o(i.osSemaphoreWait)
    osSystickHandler                         0x08003f11   Thumb Code    20  cmsis_os.o(i.osSystickHandler)
    osThreadCreate                           0x08003f25   Thumb Code    56  cmsis_os.o(i.osThreadCreate)
    pbuf_alloc                               0x08003f5d   Thumb Code   284  pbuf.o(i.pbuf_alloc)
    pbuf_alloced_custom                      0x08004079   Thumb Code    82  pbuf.o(i.pbuf_alloced_custom)
    pbuf_cat                                 0x080040cb   Thumb Code    40  pbuf.o(i.pbuf_cat)
    pbuf_clen                                0x080040f3   Thumb Code    18  pbuf.o(i.pbuf_clen)
    pbuf_copy                                0x08004105   Thumb Code   154  pbuf.o(i.pbuf_copy)
    pbuf_copy_partial                        0x0800419f   Thumb Code   102  pbuf.o(i.pbuf_copy_partial)
    pbuf_free                                0x08004205   Thumb Code    82  pbuf.o(i.pbuf_free)
    pbuf_header                              0x08004285   Thumb Code     6  pbuf.o(i.pbuf_header)
    pbuf_header_force                        0x0800428b   Thumb Code     6  pbuf.o(i.pbuf_header_force)
    pbuf_realloc                             0x08004321   Thumb Code    84  pbuf.o(i.pbuf_realloc)
    pbuf_ref                                 0x08004375   Thumb Code    12  pbuf.o(i.pbuf_ref)
    pvPortMalloc                             0x08004721   Thumb Code   222  heap_4.o(i.pvPortMalloc)
    pvTaskIncrementMutexHeldCount            0x08004805   Thumb Code    18  tasks.o(i.pvTaskIncrementMutexHeldCount)
    pxPortInitialiseStack                    0x0800481d   Thumb Code    36  port.o(i.pxPortInitialiseStack)
    sys_arch_mbox_fetch                      0x080049b1   Thumb Code    80  sys_arch.o(i.sys_arch_mbox_fetch)
    sys_arch_mbox_tryfetch                   0x08004a01   Thumb Code    30  sys_arch.o(i.sys_arch_mbox_tryfetch)
    sys_arch_sem_wait                        0x08004a1f   Thumb Code    66  sys_arch.o(i.sys_arch_sem_wait)
    sys_init                                 0x08004a61   Thumb Code     8  sys_arch.o(i.sys_init)
    sys_mbox_free                            0x08004a6d   Thumb Code    20  sys_arch.o(i.sys_mbox_free)
    sys_mbox_new                             0x08004a81   Thumb Code    28  sys_arch.o(i.sys_mbox_new)
    sys_mbox_post                            0x08004a9d   Thumb Code    26  sys_arch.o(i.sys_mbox_post)
    sys_mbox_set_invalid                     0x08004ab7   Thumb Code     6  sys_arch.o(i.sys_mbox_set_invalid)
    sys_mbox_trypost                         0x08004abd   Thumb Code    28  sys_arch.o(i.sys_mbox_trypost)
    sys_mbox_valid                           0x08004ad9   Thumb Code    10  sys_arch.o(i.sys_mbox_valid)
    sys_mutex_lock                           0x08004ae3   Thumb Code     6  sys_arch.o(i.sys_mutex_lock)
    sys_mutex_new                            0x08004ae9   Thumb Code    24  sys_arch.o(i.sys_mutex_new)
    sys_mutex_unlock                         0x08004b01   Thumb Code    12  sys_arch.o(i.sys_mutex_unlock)
    sys_sem_free                             0x08004b0d   Thumb Code     6  sys_arch.o(i.sys_sem_free)
    sys_sem_new                              0x08004b13   Thumb Code    58  sys_arch.o(i.sys_sem_new)
    sys_sem_set_invalid                      0x08004b4d   Thumb Code     6  sys_arch.o(i.sys_sem_set_invalid)
    sys_sem_signal                           0x08004b53   Thumb Code    12  sys_arch.o(i.sys_sem_signal)
    sys_sem_valid                            0x08004b5f   Thumb Code    10  sys_arch.o(i.sys_sem_valid)
    sys_thread_new                           0x08004b69   Thumb Code    56  sys_arch.o(i.sys_thread_new)
    sys_timeout                              0x08004ba5   Thumb Code    88  lwip_timers.o(i.sys_timeout)
    sys_timeouts_init                        0x08004c01   Thumb Code    30  lwip_timers.o(i.sys_timeouts_init)
    sys_timeouts_mbox_fetch                  0x08004c29   Thumb Code    92  lwip_timers.o(i.sys_timeouts_mbox_fetch)
    tcp_abandon                              0x08004c89   Thumb Code   208  tcp.o(i.tcp_abandon)
    tcp_abort                                0x08004d5d   Thumb Code     6  tcp.o(i.tcp_abort)
    tcp_accept                               0x08004d63   Thumb Code     4  tcp.o(i.tcp_accept)
    tcp_alloc                                0x08004d75   Thumb Code   274  tcp.o(i.tcp_alloc)
    tcp_arg                                  0x08004e95   Thumb Code     4  tcp.o(i.tcp_arg)
    tcp_bind                                 0x08004e99   Thumb Code   122  tcp.o(i.tcp_bind)
    tcp_close                                0x08004f1d   Thumb Code    20  tcp.o(i.tcp_close)
    tcp_eff_send_mss_impl                    0x08005105   Thumb Code    34  tcp.o(i.tcp_eff_send_mss_impl)
    tcp_enqueue_flags                        0x08005127   Thumb Code   168  tcp_out.o(i.tcp_enqueue_flags)
    tcp_err                                  0x080051cf   Thumb Code     6  tcp.o(i.tcp_err)
    tcp_fasttmr                              0x080051d5   Thumb Code    90  tcp.o(i.tcp_fasttmr)
    tcp_init                                 0x08005265   Thumb Code     2  tcp.o(i.tcp_init)
    tcp_input                                0x08005269   Thumb Code   830  tcp_in.o(i.tcp_input)
    tcp_keepalive                            0x080055c1   Thumb Code    82  tcp_out.o(i.tcp_keepalive)
    tcp_listen_with_backlog                  0x08005731   Thumb Code   124  tcp.o(i.tcp_listen_with_backlog)
    tcp_netif_ipv4_addr_changed              0x080057b5   Thumb Code    66  tcp.o(i.tcp_netif_ipv4_addr_changed)
    tcp_new                                  0x0800581f   Thumb Code     6  tcp.o(i.tcp_new)
    tcp_next_iss                             0x08005881   Thumb Code    12  tcp.o(i.tcp_next_iss)
    tcp_output                               0x0800590d   Thumb Code   412  tcp_out.o(i.tcp_output)
    tcp_pcb_purge                            0x08005cbb   Thumb Code    66  tcp.o(i.tcp_pcb_purge)
    tcp_pcb_remove                           0x08005cfd   Thumb Code    80  tcp.o(i.tcp_pcb_remove)
    tcp_poll                                 0x08005d4d   Thumb Code    10  tcp.o(i.tcp_poll)
    tcp_process_refused_data                 0x080060cd   Thumb Code   106  tcp.o(i.tcp_process_refused_data)
    tcp_recv                                 0x0800683f   Thumb Code     6  tcp.o(i.tcp_recv)
    tcp_recv_null                            0x08006845   Thumb Code    36  tcp.o(i.tcp_recv_null)
    tcp_recved                               0x08006869   Thumb Code    66  tcp.o(i.tcp_recved)
    tcp_rexmit                               0x080068ab   Thumb Code    82  tcp_out.o(i.tcp_rexmit)
    tcp_rexmit_fast                          0x080068fd   Thumb Code    88  tcp_out.o(i.tcp_rexmit_fast)
    tcp_rexmit_rto                           0x08006955   Thumb Code    44  tcp_out.o(i.tcp_rexmit_rto)
    tcp_rst                                  0x08006981   Thumb Code   128  tcp_out.o(i.tcp_rst)
    tcp_seg_copy                             0x08006a01   Thumb Code    40  tcp.o(i.tcp_seg_copy)
    tcp_seg_free                             0x08006a29   Thumb Code    28  tcp.o(i.tcp_seg_free)
    tcp_segs_free                            0x08006a45   Thumb Code    18  tcp.o(i.tcp_segs_free)
    tcp_send_empty_ack                       0x08006a57   Thumb Code   114  tcp_out.o(i.tcp_send_empty_ack)
    tcp_send_fin                             0x08006ac9   Thumb Code    68  tcp_out.o(i.tcp_send_fin)
    tcp_sent                                 0x08006b0d   Thumb Code     4  tcp.o(i.tcp_sent)
    tcp_shutdown                             0x08006b11   Thumb Code    78  tcp.o(i.tcp_shutdown)
    tcp_slowtmr                              0x08006b61   Thumb Code   636  tcp.o(i.tcp_slowtmr)
    tcp_timer_needed                         0x08006ded   Thumb Code    36  lwip_timers.o(i.tcp_timer_needed)
    tcp_tmr                                  0x08006e89   Thumb Code    28  tcp.o(i.tcp_tmr)
    tcp_trigger_input_pcb_close              0x08006ea9   Thumb Code    12  tcp_in.o(i.tcp_trigger_input_pcb_close)
    tcp_update_rcv_ann_wnd                   0x08006eb9   Thumb Code    54  tcp.o(i.tcp_update_rcv_ann_wnd)
    tcp_write                                0x08006eef   Thumb Code   738  tcp_out.o(i.tcp_write)
    tcp_zero_window_probe                    0x080071d1   Thumb Code   156  tcp_out.o(i.tcp_zero_window_probe)
    tcpip_apimsg                             0x080072f1   Thumb Code    52  tcpip.o(i.tcpip_apimsg)
    tcpip_callback_with_block                0x08007329   Thumb Code    88  tcpip.o(i.tcpip_callback_with_block)
    tcpip_init                               0x08007385   Thumb Code    44  tcpip.o(i.tcpip_init)
    tcpip_input                              0x080073c9   Thumb Code    70  tcpip.o(i.tcpip_input)
    udp_bind                                 0x080074bd   Thumb Code   174  udp.o(i.udp_bind)
    udp_init                                 0x08007571   Thumb Code     2  udp.o(i.udp_init)
    udp_input                                0x08007575   Thumb Code   276  udp.o(i.udp_input)
    udp_netif_ipv4_addr_changed              0x08007691   Thumb Code    42  udp.o(i.udp_netif_ipv4_addr_changed)
    udp_new                                  0x080076c1   Thumb Code    26  udp.o(i.udp_new)
    udp_recv                                 0x080076db   Thumb Code     6  udp.o(i.udp_recv)
    udp_remove                               0x080076e1   Thumb Code    42  udp.o(i.udp_remove)
    uxListRemove                             0x08007711   Thumb Code    36  list.o(i.uxListRemove)
    uxQueueMessagesWaiting                   0x08007735   Thumb Code    40  queue.o(i.uxQueueMessagesWaiting)
    vListInitialise                          0x0800775d   Thumb Code    22  list.o(i.vListInitialise)
    vListInitialiseItem                      0x08007773   Thumb Code     6  list.o(i.vListInitialiseItem)
    vListInsert                              0x08007779   Thumb Code    48  list.o(i.vListInsert)
    vListInsertEnd                           0x080077a9   Thumb Code    24  list.o(i.vListInsertEnd)
    vPortEnterCritical                       0x080077c1   Thumb Code    62  port.o(i.vPortEnterCritical)
    vPortExitCritical                        0x08007809   Thumb Code    38  port.o(i.vPortExitCritical)
    vPortFree                                0x08007835   Thumb Code    96  heap_4.o(i.vPortFree)
    vPortSetupTimerInterrupt                 0x08007899   Thumb Code    26  port.o(i.vPortSetupTimerInterrupt)
    vPortValidateInterruptPriority           0x080078b9   Thumb Code    82  port.o(i.vPortValidateInterruptPriority)
    vQueueDelete                             0x08007915   Thumb Code    40  queue.o(i.vQueueDelete)
    vQueueUnregisterQueue                    0x0800793d   Thumb Code    30  queue.o(i.vQueueUnregisterQueue)
    vTaskMissedYield                         0x08007961   Thumb Code     8  tasks.o(i.vTaskMissedYield)
    vTaskPlaceOnEventList                    0x0800796d   Thumb Code    94  tasks.o(i.vTaskPlaceOnEventList)
    vTaskPriorityInherit                     0x080079d5   Thumb Code   128  tasks.o(i.vTaskPriorityInherit)
    vTaskSetTimeOutState                     0x08007a5d   Thumb Code    34  tasks.o(i.vTaskSetTimeOutState)
    vTaskStartScheduler                      0x08007a85   Thumb Code    94  tasks.o(i.vTaskStartScheduler)
    vTaskSuspendAll                          0x08007af5   Thumb Code    10  tasks.o(i.vTaskSuspendAll)
    vTaskSwitchContext                       0x08007b05   Thumb Code    86  tasks.o(i.vTaskSwitchContext)
    xPortStartScheduler                      0x08007b65   Thumb Code   152  port.o(i.xPortStartScheduler)
    xPortSysTickHandler                      0x08007c0d   Thumb Code    42  port.o(i.xPortSysTickHandler)
    xQueueCreateMutex                        0x08007c3d   Thumb Code    74  queue.o(i.xQueueCreateMutex)
    xQueueGenericCreate                      0x08007c87   Thumb Code   108  queue.o(i.xQueueGenericCreate)
    xQueueGenericReceive                     0x08007cf5   Thumb Code   372  queue.o(i.xQueueGenericReceive)
    xQueueGenericReset                       0x08007e6d   Thumb Code   146  queue.o(i.xQueueGenericReset)
    xQueueGenericSend                        0x08007f05   Thumb Code   364  queue.o(i.xQueueGenericSend)
    xQueueGiveFromISR                        0x08008075   Thumb Code   172  queue.o(i.xQueueGiveFromISR)
    xQueueReceiveFromISR                     0x08008121   Thumb Code   154  queue.o(i.xQueueReceiveFromISR)
    xTaskCheckForTimeOut                     0x080081bd   Thumb Code   110  tasks.o(i.xTaskCheckForTimeOut)
    xTaskGenericCreate                       0x08008231   Thumb Code   442  tasks.o(i.xTaskGenericCreate)
    xTaskGetSchedulerState                   0x080083f9   Thumb Code    22  tasks.o(i.xTaskGetSchedulerState)
    xTaskGetTickCount                        0x08008415   Thumb Code     6  tasks.o(i.xTaskGetTickCount)
    xTaskIncrementTick                       0x08008421   Thumb Code   198  tasks.o(i.xTaskIncrementTick)
    xTaskPriorityDisinherit                  0x080084f1   Thumb Code   158  tasks.o(i.xTaskPriorityDisinherit)
    xTaskRemoveFromEventList                 0x08008599   Thumb Code   112  tasks.o(i.xTaskRemoveFromEventList)
    xTaskResumeAll                           0x08008611   Thumb Code   186  tasks.o(i.xTaskResumeAll)
    ip_addr_any                              0x080086d8   Data           4  ip4_addr.o(.constdata)
    memp_UDP_PCB                             0x080086dc   Data          12  memp.o(.constdata)
    memp_TCP_PCB                             0x080086e8   Data          12  memp.o(.constdata)
    memp_TCP_PCB_LISTEN                      0x080086f4   Data          12  memp.o(.constdata)
    memp_TCP_SEG                             0x08008700   Data          12  memp.o(.constdata)
    memp_REASSDATA                           0x0800870c   Data          12  memp.o(.constdata)
    memp_FRAG_PBUF                           0x08008718   Data          12  memp.o(.constdata)
    memp_NETBUF                              0x08008724   Data          12  memp.o(.constdata)
    memp_NETCONN                             0x08008730   Data          12  memp.o(.constdata)
    memp_TCPIP_MSG_API                       0x0800873c   Data          12  memp.o(.constdata)
    memp_TCPIP_MSG_INPKT                     0x08008748   Data          12  memp.o(.constdata)
    memp_SYS_TIMEOUT                         0x08008754   Data          12  memp.o(.constdata)
    memp_PBUF                                0x08008760   Data          12  memp.o(.constdata)
    memp_PBUF_POOL                           0x0800876c   Data          12  memp.o(.constdata)
    ethbroadcast                             0x08008778   Data           6  etharp.o(.constdata)
    ethzero                                  0x0800877e   Data           6  etharp.o(.constdata)
    tcp_persist_backoff                      0x08008784   Data           7  tcp.o(.constdata)
    tcp_state_str                            0x0800878c   Data          44  tcp.o(.constdata)
    tcp_backoff                              0x080087b8   Data          13  tcp.o(.constdata)
    tcp_pcb_lists                            0x080087c8   Data          16  tcp.o(.constdata)
    AHBPrescTable                            0x080087d8   Data          16  system_stm32f7xx.o(.constdata)
    APBPrescTable                            0x080087e8   Data           8  system_stm32f7xx.o(.constdata)
    Region$$Table$$Base                      0x080088a4   Number         0  anon$$obj.o(Region$$Table)
    Region$$Table$$Limit                     0x080088c4   Number         0  anon$$obj.o(Region$$Table)
    pxCurrentTCB                             0x20000018   Data           4  tasks.o(.data)
    pbuf_free_ooseq_pending                  0x2000005c   Data           1  pbuf.o(.data)
    memp_pools                               0x20000060   Data          52  memp.o(.data)
    netif_list                               0x200000cc   Data           4  netif.o(.data)
    netif_default                            0x200000d0   Data           4  netif.o(.data)
    tcp_input_pcb                            0x200000f0   Data           4  tcp_in.o(.data)
    tcp_active_pcbs_changed                  0x200000f8   Data           1  tcp.o(.data)
    tcp_ticks                                0x20000104   Data           4  tcp.o(.data)
    tcp_bound_pcbs                           0x20000108   Data           4  tcp.o(.data)
    tcp_listen_pcbs                          0x2000010c   Data           4  tcp.o(.data)
    tcp_active_pcbs                          0x20000110   Data           4  tcp.o(.data)
    tcp_tw_pcbs                              0x20000114   Data           4  tcp.o(.data)
    udp_pcbs                                 0x20000120   Data           4  udp.o(.data)
    SystemCoreClock                          0x20000150   Data           4  system_stm32f7xx.o(.data)
    s_xSemaphore                             0x20000154   Data           4  ethernetif.o(.data)
    defaultTaskHandle                        0x2000015c   Data           4  main.o(.data)
    ipaddr                                   0x20000160   Data           4  lwip.o(.data)
    netmask                                  0x20000164   Data           4  lwip.o(.data)
    gw                                       0x20000168   Data           4  lwip.o(.data)
    IP_ADDRESS                               0x2000016c   Data           4  lwip.o(.data)
    NETMASK_ADDRESS                          0x20000170   Data           4  lwip.o(.data)
    GATEWAY_ADDRESS                          0x20000174   Data           4  lwip.o(.data)
    uwTick                                   0x20000178   Data           4  stm32f7xx_hal.o(.data)
    xQueueRegistry                           0x2000daac   Data          64  queue.o(.bss)
    memp_memory_UDP_PCB_base                 0x2000daec   Data         128  memp.o(.bss)
    memp_memory_TCP_PCB_base                 0x2000db6c   Data         760  memp.o(.bss)
    memp_memory_TCP_PCB_LISTEN_base          0x2000de64   Data         224  memp.o(.bss)
    memp_memory_TCP_SEG_base                 0x2000df44   Data         256  memp.o(.bss)
    memp_memory_REASSDATA_base               0x2000e044   Data         160  memp.o(.bss)
    memp_memory_FRAG_PBUF_base               0x2000e0e4   Data         360  memp.o(.bss)
    memp_memory_NETBUF_base                  0x2000e24c   Data          32  memp.o(.bss)
    memp_memory_NETCONN_base                 0x2000e26c   Data         176  memp.o(.bss)
    memp_memory_TCPIP_MSG_API_base           0x2000e31c   Data         128  memp.o(.bss)
    memp_memory_TCPIP_MSG_INPKT_base         0x2000e39c   Data         128  memp.o(.bss)
    memp_memory_SYS_TIMEOUT_base             0x2000e41c   Data          48  memp.o(.bss)
    memp_memory_PBUF_base                    0x2000e44c   Data         256  memp.o(.bss)
    memp_memory_PBUF_POOL_base               0x2000e54c   Data        9728  memp.o(.bss)
    ip_data                                  0x20010c4c   Data          24  ip4.o(.bss)
    ram_heap                                 0x20010c64   Data        1620  mem.o(.bss)
    DMARxDscrTab                             0x200112b8   Data         128  ethernetif.o(.bss)
    DMATxDscrTab                             0x20011338   Data         128  ethernetif.o(.bss)
    Rx_Buff                                  0x200113b8   Data        6096  ethernetif.o(.bss)
    Tx_Buff                                  0x20012b88   Data        6096  ethernetif.o(.bss)
    heth                                     0x20014358   Data          72  ethernetif.o(.bss)
    gnetif                                   0x200143a0   Data          48  lwip.o(.bss)
    htim11                                   0x200143d0   Data          60  stm32f7xx_hal_timebase_tim.o(.bss)
    __initial_sp                             0x20018410   Data           0  startup_stm32f746xx.o(STACK)



==============================================================================

Memory Map of the image

  Image Entry point : 0x080001c9

  Load Region LR_IROM1 (Base: 0x08000000, Size: 0x00008a40, Max: 0x00100000, ABSOLUTE, COMPRESSED[0x00008904])

    Execution Region ER_IROM1 (Base: 0x08000000, Size: 0x000088c4, Max: 0x00100000, ABSOLUTE)

    Base Addr    Size         Type   Attr      Idx    E Section Name        Object

    0x08000000   0x000001c8   Data   RO            3    RESET               startup_stm32f746xx.o
    0x080001c8   0x00000000   Code   RO         7637  * .ARM.Collect$$$$00000000  mc_w.l(entry.o)
    0x080001c8   0x00000004   Code   RO         7918    .ARM.Collect$$$$00000001  mc_w.l(entry2.o)
    0x080001cc   0x00000004   Code   RO         7921    .ARM.Collect$$$$00000004  mc_w.l(entry5.o)
    0x080001d0   0x00000000   Code   RO         7923    .ARM.Collect$$$$00000008  mc_w.l(entry7b.o)
    0x080001d0   0x00000000   Code   RO         7925    .ARM.Collect$$$$0000000A  mc_w.l(entry8b.o)
    0x080001d0   0x00000008   Code   RO         7926    .ARM.Collect$$$$0000000B  mc_w.l(entry9a.o)
    0x080001d8   0x00000000   Code   RO         7928    .ARM.Collect$$$$0000000D  mc_w.l(entry10a.o)
    0x080001d8   0x00000000   Code   RO         7930    .ARM.Collect$$$$0000000F  mc_w.l(entry11a.o)
    0x080001d8   0x00000004   Code   RO         7919    .ARM.Collect$$$$00002712  mc_w.l(entry2.o)
    0x080001dc   0x000000ba   Code   RO         1034    .emb_text           port.o
    0x08000296   0x00000002   PAD
    0x08000298   0x00000024   Code   RO            4    .text               startup_stm32f746xx.o
    0x080002bc   0x00000024   Code   RO         7640    .text               mc_w.l(memcpya.o)
    0x080002e0   0x00000024   Code   RO         7642    .text               mc_w.l(memseta.o)
    0x08000304   0x0000001a   Code   RO         7646    .text               mc_w.l(memcmp.o)
    0x0800031e   0x00000002   PAD
    0x08000320   0x00000024   Code   RO         7950    .text               mc_w.l(init.o)
    0x08000344   0x00000056   Code   RO         7970    .text               mc_w.l(__dczerorl2.o)
    0x0800039a   0x0000002e   Code   RO         6359    i.ETH_FlushTransmitFIFO  stm32f7xx_hal_eth.o
    0x080003c8   0x0000000c   Code   RO         4858    i.ETH_IRQHandler    stm32f7xx_it.o
    0x080003d4   0x00000124   Code   RO         6360    i.ETH_MACDMAConfig  stm32f7xx_hal_eth.o
    0x080004f8   0x00000016   Code   RO         6679    i.HAL_Delay         stm32f7xx_hal.o
    0x0800050e   0x00000074   Code   RO         6363    i.HAL_ETH_DMARxDescListInit  stm32f7xx_hal_eth.o
    0x08000582   0x00000002   PAD
    0x08000584   0x00000084   Code   RO         6364    i.HAL_ETH_DMATxDescListInit  stm32f7xx_hal_eth.o
    0x08000608   0x00000002   Code   RO         6366    i.HAL_ETH_ErrorCallback  stm32f7xx_hal_eth.o
    0x0800060a   0x0000008c   Code   RO         6368    i.HAL_ETH_GetReceivedFrame_IT  stm32f7xx_hal_eth.o
    0x08000696   0x00000076   Code   RO         6370    i.HAL_ETH_IRQHandler  stm32f7xx_hal_eth.o
    0x0800070c   0x000001f0   Code   RO         6371    i.HAL_ETH_Init      stm32f7xx_hal_eth.o
    0x080008fc   0x0000009c   Code   RO         4766    i.HAL_ETH_MspInit   ethernetif.o
    0x08000998   0x00000086   Code   RO         6374    i.HAL_ETH_ReadPHYRegister  stm32f7xx_hal_eth.o
    0x08000a1e   0x00000002   PAD
    0x08000a20   0x0000000c   Code   RO         4767    i.HAL_ETH_RxCpltCallback  ethernetif.o
    0x08000a2c   0x00000084   Code   RO         6376    i.HAL_ETH_Start     stm32f7xx_hal_eth.o
    0x08000ab0   0x00000112   Code   RO         6378    i.HAL_ETH_TransmitFrame  stm32f7xx_hal_eth.o
    0x08000bc2   0x00000002   Code   RO         6379    i.HAL_ETH_TxCpltCallback  stm32f7xx_hal_eth.o
    0x08000bc4   0x0000007a   Code   RO         6380    i.HAL_ETH_WritePHYRegister  stm32f7xx_hal_eth.o
    0x08000c3e   0x00000002   PAD
    0x08000c40   0x000001d8   Code   RO         6296    i.HAL_GPIO_Init     stm32f7xx_hal_gpio.o
    0x08000e18   0x0000000c   Code   RO         6687    i.HAL_GetTick       stm32f7xx_hal.o
    0x08000e24   0x00000010   Code   RO         6688    i.HAL_IncTick       stm32f7xx_hal.o
    0x08000e34   0x00000016   Code   RO         6689    i.HAL_Init          stm32f7xx_hal.o
    0x08000e4a   0x00000002   PAD
    0x08000e4c   0x00000074   Code   RO         5044    i.HAL_InitTick      stm32f7xx_hal_timebase_tim.o
    0x08000ec0   0x00000058   Code   RO         4980    i.HAL_MspInit       stm32f7xx_hal_msp.o
    0x08000f18   0x00000016   Code   RO         6542    i.HAL_NVIC_EnableIRQ  stm32f7xx_hal_cortex.o
    0x08000f2e   0x00000002   PAD
    0x08000f30   0x00000040   Code   RO         6548    i.HAL_NVIC_SetPriority  stm32f7xx_hal_cortex.o
    0x08000f70   0x00000024   Code   RO         6549    i.HAL_NVIC_SetPriorityGrouping  stm32f7xx_hal_cortex.o
    0x08000f94   0x0000006c   Code   RO         7448    i.HAL_PWREx_EnableOverDrive  stm32f7xx_hal_pwr_ex.o
    0x08001000   0x00000164   Code   RO         7337    i.HAL_RCC_ClockConfig  stm32f7xx_hal_rcc.o
    0x08001164   0x00000040   Code   RO         7341    i.HAL_RCC_GetClockConfig  stm32f7xx_hal_rcc.o
    0x080011a4   0x0000000c   Code   RO         7342    i.HAL_RCC_GetHCLKFreq  stm32f7xx_hal_rcc.o
    0x080011b0   0x00000030   Code   RO         7345    i.HAL_RCC_GetPCLK2Freq  stm32f7xx_hal_rcc.o
    0x080011e0   0x00000084   Code   RO         7346    i.HAL_RCC_GetSysClockFreq  stm32f7xx_hal_rcc.o
    0x08001264   0x0000033c   Code   RO         7349    i.HAL_RCC_OscConfig  stm32f7xx_hal_rcc.o
    0x080015a0   0x00000018   Code   RO         6551    i.HAL_SYSTICK_CLKSourceConfig  stm32f7xx_hal_cortex.o
    0x080015b8   0x00000026   Code   RO         6553    i.HAL_SYSTICK_Config  stm32f7xx_hal_cortex.o
    0x080015de   0x00000002   Code   RO         5084    i.HAL_TIMEx_BreakCallback  stm32f7xx_hal_tim_ex.o
    0x080015e0   0x00000002   Code   RO         5085    i.HAL_TIMEx_CommutationCallback  stm32f7xx_hal_tim_ex.o
    0x080015e2   0x00000030   Code   RO         5597    i.HAL_TIM_Base_Init  stm32f7xx_hal_tim.o
    0x08001612   0x00000002   Code   RO         5599    i.HAL_TIM_Base_MspInit  stm32f7xx_hal_tim.o
    0x08001614   0x00000018   Code   RO         5602    i.HAL_TIM_Base_Start_IT  stm32f7xx_hal_tim.o
    0x0800162c   0x00000002   Code   RO         5626    i.HAL_TIM_IC_CaptureCallback  stm32f7xx_hal_tim.o
    0x0800162e   0x0000017e   Code   RO         5639    i.HAL_TIM_IRQHandler  stm32f7xx_hal_tim.o
    0x080017ac   0x00000002   Code   RO         5642    i.HAL_TIM_OC_DelayElapsedCallback  stm32f7xx_hal_tim.o
    0x080017ae   0x00000002   Code   RO         5669    i.HAL_TIM_PWM_PulseFinishedCallback  stm32f7xx_hal_tim.o
    0x080017b0   0x00000014   Code   RO         4902    i.HAL_TIM_PeriodElapsedCallback  main.o
    0x080017c4   0x00000002   Code   RO         5680    i.HAL_TIM_TriggerCallback  stm32f7xx_hal_tim.o
    0x080017c6   0x00000002   PAD
    0x080017c8   0x0000005c   Code   RO         4903    i.MX_GPIO_Init      main.o
    0x08001824   0x000000a8   Code   RO         5004    i.MX_LWIP_Init      lwip.o
    0x080018cc   0x00000022   Code   RO         6555    i.NVIC_SetPriority  stm32f7xx_hal_cortex.o
    0x080018ee   0x0000000e   Code   RO         4904    i.StartDefaultTask  main.o
    0x080018fc   0x00000004   Code   RO         4859    i.SysTick_Handler   stm32f7xx_it.o
    0x08001900   0x000000a8   Code   RO         4905    i.SystemClock_Config  main.o
    0x080019a8   0x00000054   Code   RO         4728    i.SystemInit        system_stm32f7xx.o
    0x080019fc   0x0000000c   Code   RO         4860    i.TIM1_TRG_COM_TIM11_IRQHandler  stm32f7xx_it.o
    0x08001a08   0x000000c4   Code   RO         5681    i.TIM_Base_SetConfig  stm32f7xx_hal_tim.o
    0x08001acc   0x0000000e   Code   RO         7964    i.__scatterload_copy  mc_w.l(handlers.o)
    0x08001ada   0x00000002   Code   RO         7965    i.__scatterload_null  mc_w.l(handlers.o)
    0x08001adc   0x0000000e   Code   RO         7966    i.__scatterload_zeroinit  mc_w.l(handlers.o)
    0x08001aea   0x0000009e   Code   RO         4281    i.accept_function   api_msg.o
    0x08001b88   0x0000001c   Code   RO         4527    i.arp_timer         lwip_timers.o
    0x08001ba4   0x0000000c   Code   RO         1604    i.do_memp_free_pool  memp.o
    0x08001bb0   0x000000a6   Code   RO         4282    i.err_tcp           api_msg.o
    0x08001c56   0x000000b8   Code   RO         2511    i.etharp_arp_input  etharp.o
    0x08001d0e   0x00000002   PAD
    0x08001d10   0x00000030   Code   RO         2512    i.etharp_cleanup_netif  etharp.o
    0x08001d40   0x000000dc   Code   RO         2514    i.etharp_find_entry  etharp.o
    0x08001e1c   0x00000024   Code   RO         2515    i.etharp_free_entry  etharp.o
    0x08001e40   0x000000fc   Code   RO         2517    i.etharp_output     etharp.o
    0x08001f3c   0x0000005c   Code   RO         2518    i.etharp_output_to_arp_index  etharp.o
    0x08001f98   0x000000ec   Code   RO         2519    i.etharp_query      etharp.o
    0x08002084   0x000000a0   Code   RO         2520    i.etharp_raw        etharp.o
    0x08002124   0x0000000c   Code   RO         2521    i.etharp_request    etharp.o
    0x08002130   0x00000020   Code   RO         2522    i.etharp_request_dst  etharp.o
    0x08002150   0x00000020   Code   RO         2523    i.etharp_send_ip    etharp.o
    0x08002170   0x00000060   Code   RO         2524    i.etharp_tmr        etharp.o
    0x080021d0   0x00000080   Code   RO         2525    i.etharp_update_arp_entry  etharp.o
    0x08002250   0x00000094   Code   RO         2526    i.ethernet_input    etharp.o
    0x080022e4   0x00000028   Code   RO         4768    i.ethernetif_init   ethernetif.o
    0x0800230c   0x00000034   Code   RO         4769    i.ethernetif_input  ethernetif.o
    0x08002340   0x00000008   Code   RO         4240    i.icmp_dest_unreach  icmp.o
    0x08002348   0x000000ec   Code   RO         4241    i.icmp_input        icmp.o
    0x08002434   0x0000006c   Code   RO         4242    i.icmp_send_response  icmp.o
    0x080024a0   0x00000008   Code   RO         4243    i.icmp_time_exceeded  icmp.o
    0x080024a8   0x0000000c   Code   RO          144    i.inHandlerMode     cmsis_os.o
    0x080024b4   0x0000002e   Code   RO         1484    i.ip4_addr_isbroadcast_u32  ip4_addr.o
    0x080024e2   0x00000002   PAD
    0x080024e4   0x00000160   Code   RO         3965    i.ip4_frag          ip_frag.o
    0x08002644   0x00000170   Code   RO         3301    i.ip4_input         ip4.o
    0x080027b4   0x0000001e   Code   RO         3303    i.ip4_output_if     ip4.o
    0x080027d2   0x00000002   PAD
    0x080027d4   0x000000ac   Code   RO         3304    i.ip4_output_if_src  ip4.o
    0x08002880   0x00000194   Code   RO         3966    i.ip4_reass         ip_frag.o
    0x08002a14   0x0000005c   Code   RO         3305    i.ip4_route         ip4.o
    0x08002a70   0x00000008   Code   RO         3967    i.ip_frag_free_pbuf_custom_ref  ip_frag.o
    0x08002a78   0x00000004   Code   RO         3306    i.ip_input          ip4.o
    0x08002a7c   0x000000f0   Code   RO         3968    i.ip_reass_chain_frag_into_datagram_and_validate  ip_frag.o
    0x08002b6c   0x00000024   Code   RO         3969    i.ip_reass_dequeue_datagram  ip_frag.o
    0x08002b90   0x00000070   Code   RO         3970    i.ip_reass_free_complete_datagram  ip_frag.o
    0x08002c00   0x00000080   Code   RO         3971    i.ip_reass_remove_oldest_datagram  ip_frag.o
    0x08002c80   0x0000001c   Code   RO         4528    i.ip_reass_timer    lwip_timers.o
    0x08002c9c   0x0000002c   Code   RO         3972    i.ip_reass_tmr      ip_frag.o
    0x08002cc8   0x00000016   Code   RO         3973    i.ipfrag_free_pbuf_custom  ip_frag.o
    0x08002cde   0x00000002   PAD
    0x08002ce0   0x0000011c   Code   RO         4770    i.low_level_init    ethernetif.o
    0x08002dfc   0x000000c4   Code   RO         4771    i.low_level_input   ethernetif.o
    0x08002ec0   0x000000b0   Code   RO         4772    i.low_level_output  ethernetif.o
    0x08002f70   0x00000004   Code   RO         3362    i.lwip_htonl        def.o
    0x08002f74   0x00000004   Code   RO         3363    i.lwip_htons        def.o
    0x08002f78   0x00000022   Code   RO         1954    i.lwip_init         init.o
    0x08002f9a   0x00000060   Code   RO         4283    i.lwip_netconn_do_bind  api_msg.o
    0x08002ffa   0x0000006a   Code   RO         4284    i.lwip_netconn_do_close  api_msg.o
    0x08003064   0x00000158   Code   RO         4285    i.lwip_netconn_do_close_internal  api_msg.o
    0x080031bc   0x000000a4   Code   RO         4288    i.lwip_netconn_do_delconn  api_msg.o
    0x08003260   0x000000cc   Code   RO         4291    i.lwip_netconn_do_listen  api_msg.o
    0x0800332c   0x00000032   Code   RO         4292    i.lwip_netconn_do_newconn  api_msg.o
    0x0800335e   0x00000058   Code   RO         4293    i.lwip_netconn_do_recv  api_msg.o
    0x080033b6   0x0000005a   Code   RO         4295    i.lwip_netconn_do_write  api_msg.o
    0x08003410   0x0000012c   Code   RO         4296    i.lwip_netconn_do_writemore  api_msg.o
    0x0800353c   0x00000004   Code   RO         3364    i.lwip_ntohl        def.o
    0x08003540   0x00000004   Code   RO         3365    i.lwip_ntohs        def.o
    0x08003544   0x00000034   Code   RO         4906    i.main              main.o
    0x08003578   0x0000000e   Code   RO          146    i.makeFreeRtosPriority  cmsis_os.o
    0x08003586   0x00000002   PAD
    0x08003588   0x00000044   Code   RO         3507    i.mem_free          mem.o
    0x080035cc   0x0000003c   Code   RO         3508    i.mem_init          mem.o
    0x08003608   0x000000d4   Code   RO         3509    i.mem_malloc        mem.o
    0x080036dc   0x000000e0   Code   RO         3510    i.mem_trim          mem.o
    0x080037bc   0x00000014   Code   RO         1605    i.memp_free         memp.o
    0x080037d0   0x00000028   Code   RO         1607    i.memp_init         memp.o
    0x080037f8   0x0000002a   Code   RO         1608    i.memp_init_pool    memp.o
    0x08003822   0x00000002   PAD
    0x08003824   0x00000018   Code   RO         1609    i.memp_malloc       memp.o
    0x0800383c   0x0000000e   Code   RO         1610    i.memp_malloc_pool  memp.o
    0x0800384a   0x00000026   Code   RO         2202    i.netbuf_data       netbuf.o
    0x08003870   0x00000022   Code   RO         2203    i.netbuf_delete     netbuf.o
    0x08003892   0x0000001e   Code   RO         2207    i.netbuf_next       netbuf.o
    0x080038b0   0x0000005c   Code   RO         2796    i.netconn_accept    api_lib.o
    0x0800390c   0x00000070   Code   RO         4297    i.netconn_alloc     api_msg.o
    0x0800397c   0x00000028   Code   RO         2797    i.netconn_bind      api_lib.o
    0x080039a4   0x00000006   Code   RO         2798    i.netconn_close     api_lib.o
    0x080039aa   0x00000002   PAD
    0x080039ac   0x0000002c   Code   RO         2799    i.netconn_close_shutdown  api_lib.o
    0x080039d8   0x00000030   Code   RO         2801    i.netconn_delete    api_lib.o
    0x08003a08   0x00000094   Code   RO         4298    i.netconn_drain     api_msg.o
    0x08003a9c   0x0000002e   Code   RO         4299    i.netconn_free      api_msg.o
    0x08003aca   0x00000002   PAD
    0x08003acc   0x00000020   Code   RO         2804    i.netconn_listen_with_backlog  api_lib.o
    0x08003aec   0x00000060   Code   RO         2805    i.netconn_new_with_proto_and_callback  api_lib.o
    0x08003b4c   0x00000076   Code   RO         2806    i.netconn_recv      api_lib.o
    0x08003bc2   0x00000002   PAD
    0x08003bc4   0x000000d0   Code   RO         2807    i.netconn_recv_data  api_lib.o
    0x08003c94   0x00000068   Code   RO         2813    i.netconn_write_partly  api_lib.o
    0x08003cfc   0x00000054   Code   RO         1808    i.netif_add         netif.o
    0x08003d50   0x00000002   Code   RO         1810    i.netif_init        netif.o
    0x08003d52   0x0000001a   Code   RO         1811    i.netif_issue_reports  netif.o
    0x08003d6c   0x00000020   Code   RO         1813    i.netif_set_addr    netif.o
    0x08003d8c   0x0000000c   Code   RO         1814    i.netif_set_default  netif.o
    0x08003d98   0x0000001a   Code   RO         1815    i.netif_set_down    netif.o
    0x08003db2   0x00000008   Code   RO         1816    i.netif_set_gw      netif.o
    0x08003dba   0x00000002   PAD
    0x08003dbc   0x00000044   Code   RO         1817    i.netif_set_ipaddr  netif.o
    0x08003e00   0x00000008   Code   RO         1820    i.netif_set_netmask  netif.o
    0x08003e08   0x0000001c   Code   RO         1821    i.netif_set_up      netif.o
    0x08003e24   0x0000000a   Code   RO          150    i.osKernelStart     cmsis_os.o
    0x08003e2e   0x00000026   Code   RO          173    i.osSemaphoreCreate  cmsis_os.o
    0x08003e54   0x00000050   Code   RO          175    i.osSemaphoreRelease  cmsis_os.o
    0x08003ea4   0x0000006c   Code   RO          176    i.osSemaphoreWait   cmsis_os.o
    0x08003f10   0x00000014   Code   RO          179    i.osSystickHandler  cmsis_os.o
    0x08003f24   0x00000038   Code   RO          180    i.osThreadCreate    cmsis_os.o
    0x08003f5c   0x0000011c   Code   RO         1229    i.pbuf_alloc        pbuf.o
    0x08004078   0x00000052   Code   RO         1230    i.pbuf_alloced_custom  pbuf.o
    0x080040ca   0x00000028   Code   RO         1231    i.pbuf_cat          pbuf.o
    0x080040f2   0x00000012   Code   RO         1233    i.pbuf_clen         pbuf.o
    0x08004104   0x0000009a   Code   RO         1235    i.pbuf_copy         pbuf.o
    0x0800419e   0x00000066   Code   RO         1236    i.pbuf_copy_partial  pbuf.o
    0x08004204   0x00000052   Code   RO         1238    i.pbuf_free         pbuf.o
    0x08004256   0x00000002   PAD
    0x08004258   0x0000002c   Code   RO         1239    i.pbuf_free_ooseq_callback  pbuf.o
    0x08004284   0x00000006   Code   RO         1241    i.pbuf_header       pbuf.o
    0x0800428a   0x00000006   Code   RO         1242    i.pbuf_header_force  pbuf.o
    0x08004290   0x00000064   Code   RO         1243    i.pbuf_header_impl  pbuf.o
    0x080042f4   0x0000002c   Code   RO         1246    i.pbuf_pool_is_empty  pbuf.o
    0x08004320   0x00000054   Code   RO         1248    i.pbuf_realloc      pbuf.o
    0x08004374   0x0000000c   Code   RO         1249    i.pbuf_ref          pbuf.o
    0x08004380   0x00000060   Code   RO         4300    i.pcb_new           api_msg.o
    0x080043e0   0x00000054   Code   RO         3511    i.plug_holes        mem.o
    0x08004434   0x0000005c   Code   RO         4301    i.poll_tcp          api_msg.o
    0x08004490   0x00000034   Code   RO          498    i.prvAddCurrentTaskToDelayedList  tasks.o
    0x080044c4   0x00000054   Code   RO          499    i.prvCheckTasksWaitingTermination  tasks.o
    0x08004518   0x00000026   Code   RO          890    i.prvCopyDataFromQueue  queue.o
    0x0800453e   0x0000006e   Code   RO          891    i.prvCopyDataToQueue  queue.o
    0x080045ac   0x0000004c   Code   RO           10    i.prvHeapInit       heap_4.o
    0x080045f8   0x00000028   Code   RO          500    i.prvIdleTask       tasks.o
    0x08004620   0x0000004c   Code   RO           11    i.prvInsertBlockIntoFreeList  heap_4.o
    0x0800466c   0x00000020   Code   RO          502    i.prvResetNextTaskUnblockTime  tasks.o
    0x0800468c   0x00000030   Code   RO         1035    i.prvTaskExitError  port.o
    0x080046bc   0x00000064   Code   RO          892    i.prvUnlockQueue    queue.o
    0x08004720   0x000000e4   Code   RO           12    i.pvPortMalloc      heap_4.o
    0x08004804   0x00000018   Code   RO          504    i.pvTaskIncrementMutexHeldCount  tasks.o
    0x0800481c   0x00000028   Code   RO         1036    i.pxPortInitialiseStack  port.o
    0x08004844   0x0000006a   Code   RO         4302    i.recv_tcp          api_msg.o
    0x080048ae   0x0000006e   Code   RO         4303    i.recv_udp          api_msg.o
    0x0800491c   0x00000050   Code   RO         4304    i.sent_tcp          api_msg.o
    0x0800496c   0x00000044   Code   RO         4305    i.setup_tcp         api_msg.o
    0x080049b0   0x00000050   Code   RO         2631    i.sys_arch_mbox_fetch  sys_arch.o
    0x08004a00   0x0000001e   Code   RO         2632    i.sys_arch_mbox_tryfetch  sys_arch.o
    0x08004a1e   0x00000042   Code   RO         2634    i.sys_arch_sem_wait  sys_arch.o
    0x08004a60   0x0000000c   Code   RO         2637    i.sys_init          sys_arch.o
    0x08004a6c   0x00000014   Code   RO         2638    i.sys_mbox_free     sys_arch.o
    0x08004a80   0x0000001c   Code   RO         2639    i.sys_mbox_new      sys_arch.o
    0x08004a9c   0x0000001a   Code   RO         2640    i.sys_mbox_post     sys_arch.o
    0x08004ab6   0x00000006   Code   RO         2641    i.sys_mbox_set_invalid  sys_arch.o
    0x08004abc   0x0000001c   Code   RO         2642    i.sys_mbox_trypost  sys_arch.o
    0x08004ad8   0x0000000a   Code   RO         2643    i.sys_mbox_valid    sys_arch.o
    0x08004ae2   0x00000006   Code   RO         2645    i.sys_mutex_lock    sys_arch.o
    0x08004ae8   0x00000018   Code   RO         2646    i.sys_mutex_new     sys_arch.o
    0x08004b00   0x0000000c   Code   RO         2647    i.sys_mutex_unlock  sys_arch.o
    0x08004b0c   0x00000006   Code   RO         2648    i.sys_sem_free      sys_arch.o
    0x08004b12   0x0000003a   Code   RO         2649    i.sys_sem_new       sys_arch.o
    0x08004b4c   0x00000006   Code   RO         2650    i.sys_sem_set_invalid  sys_arch.o
    0x08004b52   0x0000000c   Code   RO         2651    i.sys_sem_signal    sys_arch.o
    0x08004b5e   0x0000000a   Code   RO         2652    i.sys_sem_valid     sys_arch.o
    0x08004b68   0x0000003c   Code   RO         2653    i.sys_thread_new    sys_arch.o
    0x08004ba4   0x0000005c   Code   RO         4529    i.sys_timeout       lwip_timers.o
    0x08004c00   0x00000028   Code   RO         4530    i.sys_timeouts_init  lwip_timers.o
    0x08004c28   0x00000060   Code   RO         4531    i.sys_timeouts_mbox_fetch  lwip_timers.o
    0x08004c88   0x000000d4   Code   RO         2976    i.tcp_abandon       tcp.o
    0x08004d5c   0x00000006   Code   RO         2977    i.tcp_abort         tcp.o
    0x08004d62   0x00000004   Code   RO         2978    i.tcp_accept        tcp.o
    0x08004d66   0x0000000e   Code   RO         2979    i.tcp_accept_null   tcp.o
    0x08004d74   0x00000120   Code   RO         2980    i.tcp_alloc         tcp.o
    0x08004e94   0x00000004   Code   RO         2981    i.tcp_arg           tcp.o
    0x08004e98   0x00000084   Code   RO         2982    i.tcp_bind          tcp.o
    0x08004f1c   0x00000014   Code   RO         2983    i.tcp_close         tcp.o
    0x08004f30   0x0000013c   Code   RO         2984    i.tcp_close_shutdown  tcp.o
    0x0800506c   0x00000098   Code   RO         2368    i.tcp_create_segment  tcp_out.o
    0x08005104   0x00000022   Code   RO         2987    i.tcp_eff_send_mss_impl  tcp.o
    0x08005126   0x000000a8   Code   RO         2369    i.tcp_enqueue_flags  tcp_out.o
    0x080051ce   0x00000006   Code   RO         2988    i.tcp_err           tcp.o
    0x080051d4   0x00000060   Code   RO         2989    i.tcp_fasttmr       tcp.o
    0x08005234   0x00000030   Code   RO         2008    i.tcp_getoptbyte    tcp_in.o
    0x08005264   0x00000002   Code   RO         2990    i.tcp_init          tcp.o
    0x08005266   0x00000002   PAD
    0x08005268   0x00000358   Code   RO         2009    i.tcp_input         tcp_in.o
    0x080055c0   0x00000052   Code   RO         2370    i.tcp_keepalive     tcp_out.o
    0x08005612   0x00000002   PAD
    0x08005614   0x0000003c   Code   RO         2991    i.tcp_kill_state    tcp.o
    0x08005650   0x000000e0   Code   RO         2010    i.tcp_listen_input  tcp_in.o
    0x08005730   0x00000084   Code   RO         2992    i.tcp_listen_with_backlog  tcp.o
    0x080057b4   0x00000048   Code   RO         2993    i.tcp_netif_ipv4_addr_changed  tcp.o
    0x080057fc   0x00000022   Code   RO         2994    i.tcp_netif_ipv4_addr_changed_pcblist  tcp.o
    0x0800581e   0x00000006   Code   RO         2995    i.tcp_new           tcp.o
    0x08005824   0x0000005c   Code   RO         2996    i.tcp_new_port      tcp.o
    0x08005880   0x00000010   Code   RO         2997    i.tcp_next_iss      tcp.o
    0x08005890   0x0000007c   Code   RO         2011    i.tcp_oos_insert_segment  tcp_in.o
    0x0800590c   0x000001a0   Code   RO         2371    i.tcp_output        tcp_out.o
    0x08005aac   0x0000006c   Code   RO         2372    i.tcp_output_alloc_header  tcp_out.o
    0x08005b18   0x000000c4   Code   RO         2373    i.tcp_output_segment  tcp_out.o
    0x08005bdc   0x00000090   Code   RO         2012    i.tcp_parseopt      tcp_in.o
    0x08005c6c   0x0000004e   Code   RO         2374    i.tcp_pbuf_prealloc  tcp_out.o
    0x08005cba   0x00000042   Code   RO         2998    i.tcp_pcb_purge     tcp.o
    0x08005cfc   0x00000050   Code   RO         2999    i.tcp_pcb_remove    tcp.o
    0x08005d4c   0x0000000a   Code   RO         3000    i.tcp_poll          tcp.o
    0x08005d56   0x00000002   PAD
    0x08005d58   0x00000374   Code   RO         2013    i.tcp_process       tcp_in.o
    0x080060cc   0x0000006a   Code   RO         3001    i.tcp_process_refused_data  tcp.o
    0x08006136   0x00000002   PAD
    0x08006138   0x00000706   Code   RO         2014    i.tcp_receive       tcp_in.o
    0x0800683e   0x00000006   Code   RO         3002    i.tcp_recv          tcp.o
    0x08006844   0x00000024   Code   RO         3003    i.tcp_recv_null     tcp.o
    0x08006868   0x00000042   Code   RO         3004    i.tcp_recved        tcp.o
    0x080068aa   0x00000052   Code   RO         2375    i.tcp_rexmit        tcp_out.o
    0x080068fc   0x00000058   Code   RO         2376    i.tcp_rexmit_fast   tcp_out.o
    0x08006954   0x0000002c   Code   RO         2377    i.tcp_rexmit_rto    tcp_out.o
    0x08006980   0x00000080   Code   RO         2378    i.tcp_rst           tcp_out.o
    0x08006a00   0x00000028   Code   RO         3005    i.tcp_seg_copy      tcp.o
    0x08006a28   0x0000001c   Code   RO         3006    i.tcp_seg_free      tcp.o
    0x08006a44   0x00000012   Code   RO         3007    i.tcp_segs_free     tcp.o
    0x08006a56   0x00000072   Code   RO         2379    i.tcp_send_empty_ack  tcp_out.o
    0x08006ac8   0x00000044   Code   RO         2380    i.tcp_send_fin      tcp_out.o
    0x08006b0c   0x00000004   Code   RO         3008    i.tcp_sent          tcp.o
    0x08006b10   0x0000004e   Code   RO         3010    i.tcp_shutdown      tcp.o
    0x08006b5e   0x00000002   PAD
    0x08006b60   0x0000028c   Code   RO         3011    i.tcp_slowtmr       tcp.o
    0x08006dec   0x00000034   Code   RO         4533    i.tcp_timer_needed  lwip_timers.o
    0x08006e20   0x00000068   Code   RO         2015    i.tcp_timewait_input  tcp_in.o
    0x08006e88   0x00000020   Code   RO         3012    i.tcp_tmr           tcp.o
    0x08006ea8   0x00000010   Code   RO         2016    i.tcp_trigger_input_pcb_close  tcp_in.o
    0x08006eb8   0x00000036   Code   RO         3014    i.tcp_update_rcv_ann_wnd  tcp.o
    0x08006eee   0x000002e2   Code   RO         2381    i.tcp_write         tcp_out.o
    0x080071d0   0x0000009c   Code   RO         2382    i.tcp_zero_window_probe  tcp_out.o
    0x0800726c   0x00000082   Code   RO         4908    i.tcpecho           main.o
    0x080072ee   0x00000002   PAD
    0x080072f0   0x00000038   Code   RO         4150    i.tcpip_apimsg      tcpip.o
    0x08007328   0x0000005c   Code   RO         4151    i.tcpip_callback_with_block  tcpip.o
    0x08007384   0x00000044   Code   RO         4154    i.tcpip_init        tcpip.o
    0x080073c8   0x0000004c   Code   RO         4155    i.tcpip_input       tcpip.o
    0x08007414   0x00000038   Code   RO         4534    i.tcpip_tcp_timer   lwip_timers.o
    0x0800744c   0x00000070   Code   RO         4156    i.tcpip_thread      tcpip.o
    0x080074bc   0x000000b4   Code   RO         3404    i.udp_bind          udp.o
    0x08007570   0x00000002   Code   RO         3407    i.udp_init          udp.o
    0x08007572   0x00000002   PAD
    0x08007574   0x0000011c   Code   RO         3408    i.udp_input         udp.o
    0x08007690   0x00000030   Code   RO         3409    i.udp_netif_ipv4_addr_changed  udp.o
    0x080076c0   0x0000001a   Code   RO         3410    i.udp_new           udp.o
    0x080076da   0x00000006   Code   RO         3411    i.udp_recv          udp.o
    0x080076e0   0x00000030   Code   RO         3412    i.udp_remove        udp.o
    0x08007710   0x00000024   Code   RO          100    i.uxListRemove      list.o
    0x08007734   0x00000028   Code   RO          895    i.uxQueueMessagesWaiting  queue.o
    0x0800775c   0x00000016   Code   RO          101    i.vListInitialise   list.o
    0x08007772   0x00000006   Code   RO          102    i.vListInitialiseItem  list.o
    0x08007778   0x00000030   Code   RO          103    i.vListInsert       list.o
    0x080077a8   0x00000018   Code   RO          104    i.vListInsertEnd    list.o
    0x080077c0   0x00000048   Code   RO         1038    i.vPortEnterCritical  port.o
    0x08007808   0x0000002c   Code   RO         1039    i.vPortExitCritical  port.o
    0x08007834   0x00000064   Code   RO           13    i.vPortFree         heap_4.o
    0x08007898   0x00000020   Code   RO         1040    i.vPortSetupTimerInterrupt  port.o
    0x080078b8   0x0000005c   Code   RO         1041    i.vPortValidateInterruptPriority  port.o
    0x08007914   0x00000028   Code   RO          899    i.vQueueDelete      queue.o
    0x0800793c   0x00000024   Code   RO          901    i.vQueueUnregisterQueue  queue.o
    0x08007960   0x0000000c   Code   RO          515    i.vTaskMissedYield  tasks.o
    0x0800796c   0x00000068   Code   RO          517    i.vTaskPlaceOnEventList  tasks.o
    0x080079d4   0x00000088   Code   RO          519    i.vTaskPriorityInherit  tasks.o
    0x08007a5c   0x00000028   Code   RO          523    i.vTaskSetTimeOutState  tasks.o
    0x08007a84   0x00000070   Code   RO          524    i.vTaskStartScheduler  tasks.o
    0x08007af4   0x00000010   Code   RO          526    i.vTaskSuspendAll   tasks.o
    0x08007b04   0x00000060   Code   RO          527    i.vTaskSwitchContext  tasks.o
    0x08007b64   0x000000a8   Code   RO         1042    i.xPortStartScheduler  port.o
    0x08007c0c   0x00000030   Code   RO         1043    i.xPortSysTickHandler  port.o
    0x08007c3c   0x0000004a   Code   RO          902    i.xQueueCreateMutex  queue.o
    0x08007c86   0x0000006c   Code   RO          903    i.xQueueGenericCreate  queue.o
    0x08007cf2   0x00000002   PAD
    0x08007cf4   0x00000178   Code   RO          904    i.xQueueGenericReceive  queue.o
    0x08007e6c   0x00000098   Code   RO          905    i.xQueueGenericReset  queue.o
    0x08007f04   0x00000170   Code   RO          906    i.xQueueGenericSend  queue.o
    0x08008074   0x000000ac   Code   RO          908    i.xQueueGiveFromISR  queue.o
    0x08008120   0x0000009a   Code   RO          912    i.xQueueReceiveFromISR  queue.o
    0x080081ba   0x00000002   PAD
    0x080081bc   0x00000074   Code   RO          528    i.xTaskCheckForTimeOut  tasks.o
    0x08008230   0x000001c8   Code   RO          529    i.xTaskGenericCreate  tasks.o
    0x080083f8   0x0000001c   Code   RO          533    i.xTaskGetSchedulerState  tasks.o
    0x08008414   0x0000000c   Code   RO          534    i.xTaskGetTickCount  tasks.o
    0x08008420   0x000000d0   Code   RO          536    i.xTaskIncrementTick  tasks.o
    0x080084f0   0x000000a8   Code   RO          539    i.xTaskPriorityDisinherit  tasks.o
    0x08008598   0x00000078   Code   RO          540    i.xTaskRemoveFromEventList  tasks.o
    0x08008610   0x000000c8   Code   RO          542    i.xTaskResumeAll    tasks.o
    0x080086d8   0x00000004   Data   RO         1491    .constdata          ip4_addr.o
    0x080086dc   0x0000000c   Data   RO         1624    .constdata          memp.o
    0x080086e8   0x0000000c   Data   RO         1625    .constdata          memp.o
    0x080086f4   0x0000000c   Data   RO         1626    .constdata          memp.o
    0x08008700   0x0000000c   Data   RO         1627    .constdata          memp.o
    0x0800870c   0x0000000c   Data   RO         1628    .constdata          memp.o
    0x08008718   0x0000000c   Data   RO         1629    .constdata          memp.o
    0x08008724   0x0000000c   Data   RO         1630    .constdata          memp.o
    0x08008730   0x0000000c   Data   RO         1631    .constdata          memp.o
    0x0800873c   0x0000000c   Data   RO         1632    .constdata          memp.o
    0x08008748   0x0000000c   Data   RO         1633    .constdata          memp.o
    0x08008754   0x0000000c   Data   RO         1634    .constdata          memp.o
    0x08008760   0x0000000c   Data   RO         1635    .constdata          memp.o
    0x0800876c   0x0000000c   Data   RO         1636    .constdata          memp.o
    0x08008778   0x0000000c   Data   RO         2528    .constdata          etharp.o
    0x08008784   0x00000054   Data   RO         3015    .constdata          tcp.o
    0x080087d8   0x00000010   Data   RO         4729    .constdata          system_stm32f7xx.o
    0x080087e8   0x00000008   Data   RO         4730    .constdata          system_stm32f7xx.o
    0x080087f0   0x00000014   Data   RO         4776    .constdata          ethernetif.o
    0x08008804   0x00000014   Data   RO         4909    .constdata          main.o
    0x08008818   0x00000075   Data   RO         3016    .conststring        tcp.o
    0x0800888d   0x00000003   PAD
    0x08008890   0x00000006   Data   RO         4777    .conststring        ethernetif.o
    0x08008896   0x00000002   PAD
    0x08008898   0x0000000c   Data   RO         4910    .conststring        main.o
    0x080088a4   0x00000020   Data   RO         7962    Region$$Table       anon$$obj.o


    Execution Region RW_IRAM1 (Base: 0x20000000, Size: 0x00018410, Max: 0x00050000, ABSOLUTE, COMPRESSED[0x00000040])

    Base Addr    Size         Type   Attr      Idx    E Section Name        Object

    0x20000000   0x00000018   Data   RW           18    .data               heap_4.o
    0x20000018   0x00000038   Data   RW          545    .data               tasks.o
    0x20000050   0x0000000c   Data   RW         1044    .data               port.o
    0x2000005c   0x00000001   Data   RW         1254    .data               pbuf.o
    0x2000005d   0x00000003   PAD
    0x20000060   0x00000034   Data   RW         1637    .data               memp.o
    0x20000094   0x00000004   Data   RW         1638    .data               memp.o
    0x20000098   0x00000004   Data   RW         1639    .data               memp.o
    0x2000009c   0x00000004   Data   RW         1640    .data               memp.o
    0x200000a0   0x00000004   Data   RW         1641    .data               memp.o
    0x200000a4   0x00000004   Data   RW         1642    .data               memp.o
    0x200000a8   0x00000004   Data   RW         1643    .data               memp.o
    0x200000ac   0x00000004   Data   RW         1644    .data               memp.o
    0x200000b0   0x00000004   Data   RW         1645    .data               memp.o
    0x200000b4   0x00000004   Data   RW         1646    .data               memp.o
    0x200000b8   0x00000004   Data   RW         1647    .data               memp.o
    0x200000bc   0x00000004   Data   RW         1648    .data               memp.o
    0x200000c0   0x00000004   Data   RW         1649    .data               memp.o
    0x200000c4   0x00000004   Data   RW         1650    .data               memp.o
    0x200000c8   0x0000000c   Data   RW         1822    .data               netif.o
    0x200000d4   0x00000020   Data   RW         2018    .data               tcp_in.o
    0x200000f4   0x00000001   Data   RW         2529    .data               etharp.o
    0x200000f5   0x00000001   PAD
    0x200000f6   0x00000002   Data   RW         2654    .data               sys_arch.o
    0x200000f8   0x00000020   Data   RW         3017    .data               tcp.o
    0x20000118   0x00000002   Data   RW         3308    .data               ip4.o
    0x2000011a   0x00000002   PAD
    0x2000011c   0x00000008   Data   RW         3417    .data               udp.o
    0x20000124   0x00000010   Data   RW         3513    .data               mem.o
    0x20000134   0x00000008   Data   RW         3974    .data               ip_frag.o
    0x2000013c   0x0000000c   Data   RW         4158    .data               tcpip.o
    0x20000148   0x00000008   Data   RW         4535    .data               lwip_timers.o
    0x20000150   0x00000004   Data   RW         4731    .data               system_stm32f7xx.o
    0x20000154   0x00000004   Data   RW         4778    .data               ethernetif.o
    0x20000158   0x00000008   Data   RW         4911    .data               main.o
    0x20000160   0x00000018   Data   RW         5006    .data               lwip.o
    0x20000178   0x00000004   Data   RW         6695    .data               stm32f7xx_hal.o
    0x2000017c   0x0000d840   Zero   RW           17    .bss                heap_4.o
    0x2000d9bc   0x000000f0   Zero   RW          544    .bss                tasks.o
    0x2000daac   0x00000040   Zero   RW          913    .bss                queue.o
    0x2000daec   0x00000080   Zero   RW         1611    .bss                memp.o
    0x2000db6c   0x000002f8   Zero   RW         1612    .bss                memp.o
    0x2000de64   0x000000e0   Zero   RW         1613    .bss                memp.o
    0x2000df44   0x00000100   Zero   RW         1614    .bss                memp.o
    0x2000e044   0x000000a0   Zero   RW         1615    .bss                memp.o
    0x2000e0e4   0x00000168   Zero   RW         1616    .bss                memp.o
    0x2000e24c   0x00000020   Zero   RW         1617    .bss                memp.o
    0x2000e26c   0x000000b0   Zero   RW         1618    .bss                memp.o
    0x2000e31c   0x00000080   Zero   RW         1619    .bss                memp.o
    0x2000e39c   0x00000080   Zero   RW         1620    .bss                memp.o
    0x2000e41c   0x00000030   Zero   RW         1621    .bss                memp.o
    0x2000e44c   0x00000100   Zero   RW         1622    .bss                memp.o
    0x2000e54c   0x00002600   Zero   RW         1623    .bss                memp.o
    0x20010b4c   0x00000010   Zero   RW         2017    .bss                tcp_in.o
    0x20010b5c   0x000000f0   Zero   RW         2527    .bss                etharp.o
    0x20010c4c   0x00000018   Zero   RW         3307    .bss                ip4.o
    0x20010c64   0x00000654   Zero   RW         3512    .bss                mem.o
    0x200112b8   0x000030e8   Zero   RW         4775    .bss                ethernetif.o
    0x200143a0   0x00000030   Zero   RW         5005    .bss                lwip.o
    0x200143d0   0x0000003c   Zero   RW         5047    .bss                stm32f7xx_hal_timebase_tim.o
    0x2001440c   0x00000004   PAD
    0x20014410   0x00004000   Zero   RW            1    STACK               startup_stm32f746xx.o


==============================================================================

Image component sizes


      Code (inc. data)   RO Data    RW Data    ZI Data      Debug   Object Name

       788         34          0          0          0      24508   api_lib.o
      2624         42          0          0          0      17826   api_msg.o
         0          0          0          0          0     422604   autoip.o
       338         12          0          0          0      25349   cmsis_os.o
        16          0          0          0          0       2608   def.o
      1676         68         12          1        240      15724   etharp.o
       916         76         26          4      12520      11026   ethernetif.o
       480         22          0         24      55360      15399   heap_4.o
       360          4          0          0          0       3702   icmp.o
         0          0          0          0          0       6728   inet_chksum.o
        34          0          0          0          0        556   init.o
       666         28          0          2         24       8689   ip4.o
        46          0          4          0          0       6166   ip4_addr.o
      1346         36          0          8          0       9938   ip_frag.o
       136          0          0          0          0       8606   list.o
       168         18          0         24         48       1385   lwip.o
       392         62          0          8          0       5543   lwip_timers.o
       476         32         32          8          0       8316   main.o
       648         32          0         16       1620       5345   mem.o
       152         16        156        104      12384      12719   memp.o
       102          0          0          0          0       3400   netbuf.o
       294         18          0         12          0       9075   netif.o
      1058         32          0          1          0      46290   pbuf.o
       730         80          0         12          0       9177   port.o
      1768         20          0          0         64      15794   queue.o
         0          0          0          0          0       8671   sockets.o
        36          8        456          0      16384        832   startup_stm32f746xx.o
        72         12          0          4          0       3128   stm32f7xx_hal.o
       218         12          0          0          0      36101   stm32f7xx_hal_cortex.o
      2006         66          0          0          0      12588   stm32f7xx_hal_eth.o
       472         54          0          0          0       1904   stm32f7xx_hal_gpio.o
        88          0          0          0          0        522   stm32f7xx_hal_msp.o
       108          8          0          0          0       1260   stm32f7xx_hal_pwr_ex.o
      1440         68          0          0          0       5690   stm32f7xx_hal_rcc.o
       660         46          0          0          0       7168   stm32f7xx_hal_tim.o
         4          0          0          0          0       1654   stm32f7xx_hal_tim_ex.o
       116         16          0          0         60       1445   stm32f7xx_hal_timebase_tim.o
        28         12          0          0          0       1379   stm32f7xx_it.o
       500          8          0          2          0      13181   sys_arch.o
        84         16         24          4          0       1455   system_stm32f7xx.o
      2056        170          0         56        240      28915   tasks.o
      2822        102        201         32          0      36923   tcp.o
      4198        122          0         32         16      20691   tcp_in.o
      2618         10          0          0          0      16855   tcp_out.o
       404         44          0         12          0      10638   tcpip.o
         0          0          0          0          0       3256   timers.o
       594         26          0          8          0       7694   udp.o

    ----------------------------------------------------------------------
     33792       1432        948        380      98964     918423   Object Totals
         0          0         32          0          0          0   (incl. Generated)
        54          0          5          6          4          0   (incl. Padding)

    ----------------------------------------------------------------------

      Code (inc. data)   RO Data    RW Data    ZI Data      Debug   Library Member Name

        86          0          0          0          0          0   __dczerorl2.o
         0          0          0          0          0          0   entry.o
         0          0          0          0          0          0   entry10a.o
         0          0          0          0          0          0   entry11a.o
         8          4          0          0          0          0   entry2.o
         4          0          0          0          0          0   entry5.o
         0          0          0          0          0          0   entry7b.o
         0          0          0          0          0          0   entry8b.o
         8          4          0          0          0          0   entry9a.o
        30          0          0          0          0          0   handlers.o
        36          8          0          0          0         68   init.o
        26          0          0          0          0         80   memcmp.o
        36          0          0          0          0         68   memcpya.o
        36          0          0          0          0        108   memseta.o

    ----------------------------------------------------------------------
       272         16          0          0          0        324   Library Totals
         2          0          0          0          0          0   (incl. Padding)

    ----------------------------------------------------------------------

      Code (inc. data)   RO Data    RW Data    ZI Data      Debug   Library Name

       270         16          0          0          0        324   mc_w.l

    ----------------------------------------------------------------------
       272         16          0          0          0        324   Library Totals

    ----------------------------------------------------------------------

==============================================================================


      Code (inc. data)   RO Data    RW Data    ZI Data      Debug   

     34064       1448        948        380      98964     887327   Grand Totals
     34064       1448        948         64      98964     887327   ELF Image Totals (compressed)
     34064       1448        948         64          0          0   ROM Totals

==============================================================================

    Total RO  Size (Code + RO Data)                35012 (  34.19kB)
    Total RW  Size (RW Data + ZI Data)             99344 (  97.02kB)
    Total ROM Size (Code + RO Data + RW Data)      35076 (  34.25kB)

==============================================================================

